====================================================================================================
InSAR4D RUM Viewer Pipeline Run
====================================================================================================
Run ID              : 20260604_070013
Status              : SUCCESS_WITH_WARNINGS
Started             : 2026-06-04T07:00:13+02:00
Ended               : 2026-06-04T07:01:19+02:00
Duration            : 1.10min

Configuration
----------------------------------------------------------------------------------------------------
Project key         : groningen
Dataset title       : Groningen 4D RUM Viewer
Source file         : data/groningen_enu_estimates.csv
Source CRS          : EPSG:28992
RUM size            : 500.0 m
Expected RUM count  : None
Measurement behavior: sinusoidal
Measurement noise   : medium (5.0 mm)
Vertical model      : linear
Uncertainty quality : high
Epoch start         : 2014-06-01
Epoch end           : 2025-12-31
Epoch interval      : 14 days
Expected epochs     : 304

Step summary
----------------------------------------------------------------------------------------------------
Step   Status   Duration   Script                                     Title
----------------------------------------------------------------------------------------------------
01     OK       1.95s      01_convert_source_to_geojson.py            Convert source table to WGS84 GeoJSON
02     OK       7.57s      02_prepare_vertical_epochs_from_velocity.py Prepare synthetic vertical measurement/model epochs from velocity
03     OK       1.00s      03_build_footprints.py                     Build corrected RUM footprints
04     OK       10.00s     04_enhance_vertical_sigma.py               Enhance vertical sigma / uncertainty field
05     WARN     3.54s      05_validate_prepared_inputs.py             Validate prepared inputs
06     OK       10.05s     06_pack_vertical_series.py                 Pack vertical measurement/model and sigma series
07     OK       1.29s      07_build_tile_index.py                     Build spatial tile index
08     OK       1.06s      08_export_epoch_axis.py                    Export epoch axis
09     OK       5.42s      09_build_blank_cells.py                    Build blank/no-data cells
10     WARN     8.61s      10_build_height_texture.py                 Build height/sigma texture
11     OK       1.72s      11_build_real_caps_b3dm.py                 Build real cap B3DM tiles
12     OK       0.79s      12_build_blank_caps_b3dm.py                Build blank cap B3DM tiles
13     OK       4.21s      13_build_walls_b3dm.py                     Build wall B3DM tiles
14     OK       2.50s      14_build_horizontal_field.py               Build horizontal velocity field
15     WARN     0.41s      15_check_horizontal_field.py               Check horizontal field
16     OK       0.81s      16_check_horizontal_uncertainty.py         Check horizontal uncertainty
17     OK       2.53s      17_build_horizontal_arrow_ellipse_b3dm.py  Build horizontal arrows and confidence ellipses
18     OK       2.23s      18_build_viewer_tuning.py                  Build data-derived viewer tuning
----------------------------------------------------------------------------------------------------

Warnings
----------------------------------------------------------------------------------------------------
- [05] [WARN] No expected_rum_count provided; count mismatch check skipped
- [05] [WARN] Step 05 validation passed with warnings in 3.37 s
- [10] [WARN] Sigma clipped pixels: 28157 (2.0000%)
- [15] [WARN] Near-zero horizontal vectors skipped in unit-vector validation: 46 (speed <= 0.05 mm/yr)

Generated output summary
----------------------------------------------------------------------------------------------------
rum_footprints                             exists=yes size=2614342 bytes  path=_internal/data_pipeline/rum_footprints.json
packed_series                              exists=yes size=24910413 bytes path=_internal/data_pipeline/packed_series.json
blank_cells                                exists=yes size=6964871 bytes  path=_internal/data_pipeline/blank_cells.json
height_texture                             exists=yes size=1125850 bytes  path=_internal/data_pipeline/tiles/height_texture.png
height_meta                                exists=yes size=433543 bytes   path=_internal/data_pipeline/tiles/height_meta.json
epoch_axis                                 exists=yes size=19663 bytes    path=_internal/data_pipeline/tiles/epoch_axis.json
horizontal_field                           exists=yes size=1703352 bytes  path=_internal/data_pipeline/horizontal_field.json
horizontal_particle_field                  exists=yes size=728819 bytes   path=_internal/data_pipeline/horizontal_particle_field.json
horizontal_debug_vectors                   exists=yes size=141451 bytes   path=_internal/data_pipeline/horizontal_debug_vectors.geojson
horizontal_uncertainty_check               exists=yes size=2121401 bytes  path=_internal/data_pipeline/horizontal_uncertainty_check.json
horizontal_arrows_tileset                  exists=yes size=45840 bytes    path=_internal/data_pipeline/horizontal_dev/arrows/tileset.json
horizontal_ellipses_tileset                exists=yes size=45936 bytes    path=_internal/data_pipeline/horizontal_dev/ellipses/tileset.json
horizontal_arrows_wgs84                    exists=no  size=-              path=_internal/data_pipeline/horizontal_dev/horizontal_arrows_wgs84.geojson
horizontal_confidence_ellipses_wgs84       exists=no  size=-              path=_internal/data_pipeline/horizontal_dev/horizontal_confidence_ellipses_wgs84.geojson
viewer_tuning                              exists=yes size=23906 bytes    path=_internal/data_pipeline/viewer_resources/viewer_tuning.json
real_caps_tileset                          exists=yes size=43501 bytes    path=_internal/data_pipeline/tiles/tileset.json
blank_caps_tileset                         exists=yes size=44861 bytes    path=_internal/data_pipeline/tiles_blank/tileset.json
real_walls_tileset                         exists=yes size=44539 bytes    path=_internal/data_pipeline/tiles_walls_real/tileset.json
blank_walls_tileset                        exists=yes size=43674 bytes    path=_internal/data_pipeline/tiles_walls_blank/tileset.json

Full step output
====================================================================================================

[01] 01_convert_source_to_geojson.py — Convert source table to WGS84 GeoJSON
----------------------------------------------------------------------------------------------------
Status   : OK
Duration : 1.95s
Command  : C:\Users\DELL\miniconda3\python.exe D:\Kuliah\Q7\Thesis\260413_Gameplan1\4.Web\4.1.CesiumApp\1_RUM\4.1.5.V4_4D_MC_gron\_internal\pipeline\01_convert_source_to_geojson.py

STDOUT

========================================================================
  Configuration
========================================================================
  Project root       : D:\Kuliah\Q7\Thesis\260413_Gameplan1\4.Web\4.1.CesiumApp\1_RUM\4.1.5.V4_4D_MC_gron
  Source file        : data/groningen_enu_estimates.csv
  Source CRS         : EPSG:28992
  X/Y fields         : x_rum, y_rum
  Plain GeoJSON      : D:\Kuliah\Q7\Thesis\260413_Gameplan1\4.Web\4.1.CesiumApp\1_RUM\4.1.5.V4_4D_MC_gron\_internal\data_pipeline\points_wgs84.geojson
  RUM ID GeoJSON     : D:\Kuliah\Q7\Thesis\260413_Gameplan1\4.Web\4.1.CesiumApp\1_RUM\4.1.5.V4_4D_MC_gron\_internal\data_pipeline\points_wgs84_with_rumid.geojson

========================================================================
  Loading source table
========================================================================
  [OK]   Loaded 3400 rows × 11 columns
  Columns: x_rum, y_rum, east, north, up, var_east, var_north, var_up, covar_en, covar_eu, covar_nu

========================================================================
  Checking required columns
========================================================================
  [OK]   Required coordinate and velocity columns found
  [OK]   All configured uncertainty columns found

========================================================================
  Cleaning coordinates
========================================================================
  [OK]   All source coordinates are finite

========================================================================
  Building RUM IDs
========================================================================
  [OK]   No stable RUM ID column found; generated sequential RUM IDs
  [OK]   Stable RUM IDs ready: 3400

========================================================================
  Transforming coordinates
========================================================================
  [OK]   Coordinate transform: EPSG:28992 -> EPSG:4326
  [OK]   Transformed 3400 coordinates
  BBox WGS84: west=6.46760279, south=53.14771798, east=7.08954946, north=53.46653413

========================================================================
  Writing GeoJSON outputs
========================================================================
  [OK]   Wrote RUM ID GeoJSON: D:\Kuliah\Q7\Thesis\260413_Gameplan1\4.Web\4.1.CesiumApp\1_RUM\4.1.5.V4_4D_MC_gron\_internal\data_pipeline\points_wgs84_with_rumid.geojson (1.27 MB)
  [OK]   Wrote plain GeoJSON: D:\Kuliah\Q7\Thesis\260413_Gameplan1\4.Web\4.1.CesiumApp\1_RUM\4.1.5.V4_4D_MC_gron\_internal\data_pipeline\points_wgs84.geojson (1.20 MB)

========================================================================
  Summary
========================================================================
  [OK]   Step 01 complete in 1.15 s
  Source rows input          : 3400
  Rows used                  : 3400
  Rows dropped               : 0
  Output RUM count           : 3400
  BBox west/south/east/north : 6.46760279, 53.14771798, 7.08954946, 53.46653413

[02] 02_prepare_vertical_epochs_from_velocity.py — Prepare synthetic vertical measurement/model epochs from velocity
----------------------------------------------------------------------------------------------------
Status   : OK
Duration : 7.57s
Command  : C:\Users\DELL\miniconda3\python.exe D:\Kuliah\Q7\Thesis\260413_Gameplan1\4.Web\4.1.CesiumApp\1_RUM\4.1.5.V4_4D_MC_gron\_internal\pipeline\02_prepare_vertical_epochs_from_velocity.py

STDOUT

========================================================================
  Configuration
========================================================================
  Project root             : D:\Kuliah\Q7\Thesis\260413_Gameplan1\4.Web\4.1.CesiumApp\1_RUM\4.1.5.V4_4D_MC_gron
  Points GeoJSON           : D:\Kuliah\Q7\Thesis\260413_Gameplan1\4.Web\4.1.CesiumApp\1_RUM\4.1.5.V4_4D_MC_gron\_internal\data_pipeline\points_wgs84_with_rumid.geojson
  Base epoch output        : D:\Kuliah\Q7\Thesis\260413_Gameplan1\4.Web\4.1.CesiumApp\1_RUM\4.1.5.V4_4D_MC_gron\_internal\data_pipeline\vertical_epochs_base.json
  Working epoch output     : D:\Kuliah\Q7\Thesis\260413_Gameplan1\4.Web\4.1.CesiumApp\1_RUM\4.1.5.V4_4D_MC_gron\_internal\data_pipeline\vertical_epochs.json
  Up velocity field        : up
  Up variance field        : var_up
  Date range               : 2014-06-01 → 2025-12-31
  Interval                 : 14 days
  MEASUREMENT behavior     : sinusoidal
  MEASUREMENT noise        : medium (5.0 mm)
  MEASUREMENT outlier p    : 0.0
  MEASUREMENT outlier σ    : 0.0 mm
  MODEL behavior           : linear
  Random seed              : 42
  MEASUREMENT sinus amp    : 5.0 mm
  MEASUREMENT sinus period : 365.25 days
  MEASUREMENT sinus phase  : 45.0 days

========================================================================
  Building time axis
========================================================================
  [OK]   Built 304 epochs
  First epoch              : 2014-06-01
  Last epoch               : 2025-12-31
  First interval           : 14 days

========================================================================
  Loading RUM point product
========================================================================
  [OK]   Loaded 3400 RUM point features

========================================================================
  Generating synthetic vertical MEASUREMENT and MODEL series
========================================================================
  [OK]   Generated synthetic series for 3400 RUMs × 304 epochs
  [OK]   Applied Gaussian measurement noise to 1030200 epoch values
  [OK]   Applied synthetic measurement outliers to 0 epoch values

========================================================================
  Writing epoch products
========================================================================
  [OK]   Wrote base synthetic epochs: D:\Kuliah\Q7\Thesis\260413_Gameplan1\4.Web\4.1.CesiumApp\1_RUM\4.1.5.V4_4D_MC_gron\_internal\data_pipeline\vertical_epochs_base.json (24.13 MB)
  [OK]   Wrote working epoch product: D:\Kuliah\Q7\Thesis\260413_Gameplan1\4.Web\4.1.CesiumApp\1_RUM\4.1.5.V4_4D_MC_gron\_internal\data_pipeline\vertical_epochs.json (24.13 MB)

========================================================================
  Summary
========================================================================
  [OK]   Step 02 complete in 7.39 s
  RUM count                : 3400
  Epoch count              : 304
  Up velocity range        : -7.3285 to 0.1824 mm/yr
  MEASUREMENT range        : -91.7348 to 25.6308 mm
  MODEL range              : -84.8928 to 2.1134 mm
  Sigma range              : 0.0000 to 3.6631 mm
  MEASUREMENT behavior     : sinusoidal
  MEASUREMENT noise        : medium (5.0 mm)
  MODEL behavior           : linear

[03] 03_build_footprints.py — Build corrected RUM footprints
----------------------------------------------------------------------------------------------------
Status   : OK
Duration : 1.00s
Command  : C:\Users\DELL\miniconda3\python.exe D:\Kuliah\Q7\Thesis\260413_Gameplan1\4.Web\4.1.CesiumApp\1_RUM\4.1.5.V4_4D_MC_gron\_internal\pipeline\03_build_footprints.py

STDOUT

========================================================================
  Configuration
========================================================================
  Project root       : D:\Kuliah\Q7\Thesis\260413_Gameplan1\4.Web\4.1.CesiumApp\1_RUM\4.1.5.V4_4D_MC_gron
  Points input       : D:\Kuliah\Q7\Thesis\260413_Gameplan1\4.Web\4.1.CesiumApp\1_RUM\4.1.5.V4_4D_MC_gron\_internal\data_pipeline\points_wgs84_with_rumid.geojson
  Footprints output  : D:\Kuliah\Q7\Thesis\260413_Gameplan1\4.Web\4.1.CesiumApp\1_RUM\4.1.5.V4_4D_MC_gron\_internal\data_pipeline\rum_footprints.json
  Source CRS         : EPSG:28992
  RUM size           : 500.0 m

========================================================================
  Loading RUM centers
========================================================================
  [OK]   Loaded 3400 center points
  Center bbox source : {'min_x': 227250.0, 'min_y': 574250.0, 'max_x': 268750.0, 'max_y': 609750.0}
  Center bbox WGS84  : {'west': 6.46760279, 'south': 53.14771798, 'east': 7.08954946, 'north': 53.46653413}

========================================================================
  Inferring grid indices
========================================================================
  [OK]   Grid inferred: 84 cols × 72 rows from spacing 500.0 m
  Grid i range       : 0 → 83
  Grid j range       : 0 → 71
  Max snap residual  : x=0.0 m, y=0.0 m

========================================================================
  Building projected-square WGS84 footprints
========================================================================
  [OK]   No duplicate inferred grid cells
  [OK]   Built 3400 WGS84 footprint polygons
  Footprint bbox source : {'min_x': 227000.0, 'min_y': 574000.0, 'max_x': 269000.0, 'max_y': 610000.0}
  Footprint bbox WGS84  : {'west': 6.46380918, 'south': 53.14541998, 'east': 7.09337787, 'north': 53.4688215}

========================================================================
  Writing footprint product
========================================================================
  [OK]   Wrote RUM footprints: D:\Kuliah\Q7\Thesis\260413_Gameplan1\4.Web\4.1.CesiumApp\1_RUM\4.1.5.V4_4D_MC_gron\_internal\data_pipeline\rum_footprints.json (2.49 MB)

========================================================================
  Summary
========================================================================
  [OK]   Step 03 complete in 0.70 s
  RUM footprints      : 3400
  RUM size            : 500.0 m
  Grid size           : 84 cols × 72 rows
  BBox WGS84          : 6.46380918, 53.14541998, 7.09337787, 53.4688215

[04] 04_enhance_vertical_sigma.py — Enhance vertical sigma / uncertainty field
----------------------------------------------------------------------------------------------------
Status   : OK
Duration : 10.00s
Command  : C:\Users\DELL\miniconda3\python.exe D:\Kuliah\Q7\Thesis\260413_Gameplan1\4.Web\4.1.CesiumApp\1_RUM\4.1.5.V4_4D_MC_gron\_internal\pipeline\04_enhance_vertical_sigma.py

STDOUT

========================================================================
  Configuration
========================================================================
  Project root          : D:\Kuliah\Q7\Thesis\260413_Gameplan1\4.Web\4.1.CesiumApp\1_RUM\4.1.5.V4_4D_MC_gron
  Base epoch input      : D:\Kuliah\Q7\Thesis\260413_Gameplan1\4.Web\4.1.CesiumApp\1_RUM\4.1.5.V4_4D_MC_gron\_internal\data_pipeline\vertical_epochs_base.json
  Footprints input      : D:\Kuliah\Q7\Thesis\260413_Gameplan1\4.Web\4.1.CesiumApp\1_RUM\4.1.5.V4_4D_MC_gron\_internal\data_pipeline\rum_footprints.json
  Enhanced epoch output : D:\Kuliah\Q7\Thesis\260413_Gameplan1\4.Web\4.1.CesiumApp\1_RUM\4.1.5.V4_4D_MC_gron\_internal\data_pipeline\vertical_epochs.json
  Quality preset        : high

========================================================================
  Loading inputs
========================================================================
  [OK]   Loaded base epoch product: 3400 RUMs × 304 epochs
  [OK]   Loaded footprint grid for 3400 RUMs

========================================================================
  Classifying topology
========================================================================
  [OK]   Topology classes: interior=2794, edge=489, isolated=117

========================================================================
  Building temporal sigma components
========================================================================
  [OK]   Temporal growth factor end/start: 1.400
  [OK]   Seasonal multiplier range: 0.850 to 1.150
  [OK]   Synthetic spike epochs: [58]

========================================================================
  Enhancing sigma
========================================================================
  [OK]   Vertical MEASUREMENT and MODEL roles preserved
  [OK]   Enhanced sigma for 3400 RUMs

========================================================================
  Writing enhanced epoch product
========================================================================
  [OK]   Wrote enhanced vertical epochs: D:\Kuliah\Q7\Thesis\260413_Gameplan1\4.Web\4.1.CesiumApp\1_RUM\4.1.5.V4_4D_MC_gron\_internal\data_pipeline\vertical_epochs.json (24.54 MB)

========================================================================
  Summary
========================================================================
  [OK]   Step 04 complete in 9.55 s
  Quality preset         : high
  RUM count              : 3400
  Epoch count            : 304
  Topology interior/edge/isolated: 2794/489/117
  Enhanced sigma min     : 0.1087 mm
  Enhanced sigma median  : 0.1933 mm
  Enhanced sigma max     : 5.5201 mm

[05] 05_validate_prepared_inputs.py — Validate prepared inputs
----------------------------------------------------------------------------------------------------
Status   : WARN
Duration : 3.54s
Command  : C:\Users\DELL\miniconda3\python.exe D:\Kuliah\Q7\Thesis\260413_Gameplan1\4.Web\4.1.CesiumApp\1_RUM\4.1.5.V4_4D_MC_gron\_internal\pipeline\05_validate_prepared_inputs.py

STDOUT

========================================================================
  Configuration
========================================================================
  Project root          : D:\Kuliah\Q7\Thesis\260413_Gameplan1\4.Web\4.1.CesiumApp\1_RUM\4.1.5.V4_4D_MC_gron
  Points input          : D:\Kuliah\Q7\Thesis\260413_Gameplan1\4.Web\4.1.CesiumApp\1_RUM\4.1.5.V4_4D_MC_gron\_internal\data_pipeline\points_wgs84_with_rumid.geojson
  Epoch input           : D:\Kuliah\Q7\Thesis\260413_Gameplan1\4.Web\4.1.CesiumApp\1_RUM\4.1.5.V4_4D_MC_gron\_internal\data_pipeline\vertical_epochs.json
  Footprints input      : D:\Kuliah\Q7\Thesis\260413_Gameplan1\4.Web\4.1.CesiumApp\1_RUM\4.1.5.V4_4D_MC_gron\_internal\data_pipeline\rum_footprints.json
  Validation report     : D:\Kuliah\Q7\Thesis\260413_Gameplan1\4.Web\4.1.CesiumApp\1_RUM\4.1.5.V4_4D_MC_gron\_internal\data_pipeline\validation_report.json
  Expected RUM count    : None
  Expected epoch count  : 304
  Expected RUM size     : 500.0 m

========================================================================
  Checking required files
========================================================================
  [OK]   points file exists: 1.27 MB
  [OK]   epochs file exists: 24.54 MB
  [OK]   footprints file exists: 2.49 MB

========================================================================
  Loading products
========================================================================
  [OK]   JSON products loaded

========================================================================
  Validating points
========================================================================
  [OK]   Point product valid: 3400 points, unique rum_id values

========================================================================
  Validating footprints
========================================================================
  [OK]   Footprint product valid: 3400 polygons, 3400 occupied grid cells

========================================================================
  Validating epoch series
========================================================================
  [OK]   Vertical epoch product valid: 3400 RUMs × 304 epochs
  [OK]   Validated MEASUREMENT, MODEL, and sigma arrays

========================================================================
  Cross-checking products
========================================================================
  [WARN] No expected_rum_count provided; count mismatch check skipped
  [OK]   Footprint rum_size_m matches config: 500.0 m
  [OK]   RUM ID sets match across points, footprints, and epoch series
  [OK]   Cross-product counts are consistent

========================================================================
  Writing validation report
========================================================================
  [OK]   Wrote validation report: D:\Kuliah\Q7\Thesis\260413_Gameplan1\4.Web\4.1.CesiumApp\1_RUM\4.1.5.V4_4D_MC_gron\_internal\data_pipeline\validation_report.json (2.1 KB)

========================================================================
  Summary
========================================================================
  [WARN] Step 05 validation passed with warnings in 3.37 s
  RUM count              : 3400
  Epoch count            : 304
  MEASUREMENT range      : -91.7348 to 25.6308 mm
  MODEL range            : -84.8928 to 2.1134 mm
  Sigma range            : 0.1087 to 5.5201 mm
  Warnings               : 2
  Errors                 : 0

[06] 06_pack_vertical_series.py — Pack vertical measurement/model and sigma series
----------------------------------------------------------------------------------------------------
Status   : OK
Duration : 10.05s
Command  : C:\Users\DELL\miniconda3\python.exe D:\Kuliah\Q7\Thesis\260413_Gameplan1\4.Web\4.1.CesiumApp\1_RUM\4.1.5.V4_4D_MC_gron\_internal\pipeline\06_pack_vertical_series.py

STDOUT

========================================================================
  Configuration
========================================================================
  Project root       : D:\Kuliah\Q7\Thesis\260413_Gameplan1\4.Web\4.1.CesiumApp\1_RUM\4.1.5.V4_4D_MC_gron
  Epoch input        : D:\Kuliah\Q7\Thesis\260413_Gameplan1\4.Web\4.1.CesiumApp\1_RUM\4.1.5.V4_4D_MC_gron\_internal\data_pipeline\vertical_epochs.json
  Packed output      : D:\Kuliah\Q7\Thesis\260413_Gameplan1\4.Web\4.1.CesiumApp\1_RUM\4.1.5.V4_4D_MC_gron\_internal\data_pipeline\packed_series.json

========================================================================
  Loading vertical epoch product
========================================================================
  [OK]   Loaded 3400 RUM series × 304 epochs
  [OK]   Built deterministic rum_order and rum_index

========================================================================
  Packing arrays
========================================================================
  [OK]   Packed measurement_mm flat array length: 1033600
  [OK]   Packed model_mm flat array length: 1033600
  [OK]   Packed sigma_mm flat array length: 1033600

========================================================================
  Building metadata summary
========================================================================

========================================================================
  Writing packed series
========================================================================
  [OK]   Wrote packed series: D:\Kuliah\Q7\Thesis\260413_Gameplan1\4.Web\4.1.CesiumApp\1_RUM\4.1.5.V4_4D_MC_gron\_internal\data_pipeline\packed_series.json (23.76 MB)

========================================================================
  Summary
========================================================================
  [OK]   Step 06 complete in 9.87 s
  RUM count              : 3400
  Epoch count            : 304
  Packed array length    : 1033600
  MEASUREMENT range      : -91.7348 to 25.6308 mm
  MODEL range            : -84.8928 to 2.1134 mm
  Sigma range            : 0.1087 to 5.5201 mm
  Source up range        : -7.3285 to 0.1824 mm/yr

[07] 07_build_tile_index.py — Build spatial tile index
----------------------------------------------------------------------------------------------------
Status   : OK
Duration : 1.29s
Command  : C:\Users\DELL\miniconda3\python.exe D:\Kuliah\Q7\Thesis\260413_Gameplan1\4.Web\4.1.CesiumApp\1_RUM\4.1.5.V4_4D_MC_gron\_internal\pipeline\07_build_tile_index.py

STDOUT

========================================================================
  Configuration
========================================================================
  Project root        : D:\Kuliah\Q7\Thesis\260413_Gameplan1\4.Web\4.1.CesiumApp\1_RUM\4.1.5.V4_4D_MC_gron
  Footprints input    : D:\Kuliah\Q7\Thesis\260413_Gameplan1\4.Web\4.1.CesiumApp\1_RUM\4.1.5.V4_4D_MC_gron\_internal\data_pipeline\rum_footprints.json
  Packed input        : D:\Kuliah\Q7\Thesis\260413_Gameplan1\4.Web\4.1.CesiumApp\1_RUM\4.1.5.V4_4D_MC_gron\_internal\data_pipeline\packed_series.json
  Tile index output   : D:\Kuliah\Q7\Thesis\260413_Gameplan1\4.Web\4.1.CesiumApp\1_RUM\4.1.5.V4_4D_MC_gron\_internal\data_pipeline\tiles\tile_index.json
  Assignments output  : D:\Kuliah\Q7\Thesis\260413_Gameplan1\4.Web\4.1.CesiumApp\1_RUM\4.1.5.V4_4D_MC_gron\_internal\data_pipeline\tiles\tile_assignments.json
  Requested tile grid : 8 cols × 6 rows

========================================================================
  Loading inputs
========================================================================
  [OK]   Loaded footprints and packed series
  [OK]   Packed series: 3400 RUMs × 304 epochs

========================================================================
  Building feature records
========================================================================
  [OK]   Prepared 3400 footprint records with row indices

========================================================================
  Partitioning spatial tiles
========================================================================
  [OK]   Built tile index: 44 non-empty tiles, 4 empty tiles
  Tile grid actual     : 8 cols × 6 rows
  RUMs per non-empty tile: min=4, max=130

========================================================================
  Writing tile index products
========================================================================
  [OK]   Wrote tile index: D:\Kuliah\Q7\Thesis\260413_Gameplan1\4.Web\4.1.CesiumApp\1_RUM\4.1.5.V4_4D_MC_gron\_internal\data_pipeline\tiles\tile_index.json (74.6 KB)
  [OK]   Wrote tile assignments: D:\Kuliah\Q7\Thesis\260413_Gameplan1\4.Web\4.1.CesiumApp\1_RUM\4.1.5.V4_4D_MC_gron\_internal\data_pipeline\tiles\tile_assignments.json (355.6 KB)

========================================================================
  Summary
========================================================================
  [OK]   Step 07 complete in 1.10 s
  RUM count              : 3400
  Tile count             : 48
  Non-empty tiles         : 44
  Empty tiles             : 4
  RUMs per tile           : 4 to 130

[08] 08_export_epoch_axis.py — Export epoch axis
----------------------------------------------------------------------------------------------------
Status   : OK
Duration : 1.06s
Command  : C:\Users\DELL\miniconda3\python.exe D:\Kuliah\Q7\Thesis\260413_Gameplan1\4.Web\4.1.CesiumApp\1_RUM\4.1.5.V4_4D_MC_gron\_internal\pipeline\08_export_epoch_axis.py

STDOUT

========================================================================
  Configuration
========================================================================
  Project root       : D:\Kuliah\Q7\Thesis\260413_Gameplan1\4.Web\4.1.CesiumApp\1_RUM\4.1.5.V4_4D_MC_gron
  Packed input       : D:\Kuliah\Q7\Thesis\260413_Gameplan1\4.Web\4.1.CesiumApp\1_RUM\4.1.5.V4_4D_MC_gron\_internal\data_pipeline\packed_series.json
  Epoch axis output  : D:\Kuliah\Q7\Thesis\260413_Gameplan1\4.Web\4.1.CesiumApp\1_RUM\4.1.5.V4_4D_MC_gron\_internal\data_pipeline\tiles\epoch_axis.json

========================================================================
  Loading packed series
========================================================================
  [OK]   Loaded epoch axis with 304 epochs
  First epoch        : 2014-06-01
  Last epoch         : 2025-12-31
  Default index      : 303
  Interval mode      : 14 days

========================================================================
  Writing epoch axis
========================================================================
  [OK]   Wrote epoch axis: D:\Kuliah\Q7\Thesis\260413_Gameplan1\4.Web\4.1.CesiumApp\1_RUM\4.1.5.V4_4D_MC_gron\_internal\data_pipeline\tiles\epoch_axis.json (19.2 KB)

========================================================================
  Summary
========================================================================
  [OK]   Step 08 complete in 0.87 s
  Epoch count            : 304
  First / last            : 2014-06-01 / 2025-12-31
  Default epoch           : 2025-12-31
  Interval min/mode/max   : 3 / 14 / 14 days

[09] 09_build_blank_cells.py — Build blank/no-data cells
----------------------------------------------------------------------------------------------------
Status   : OK
Duration : 5.42s
Command  : C:\Users\DELL\miniconda3\python.exe D:\Kuliah\Q7\Thesis\260413_Gameplan1\4.Web\4.1.CesiumApp\1_RUM\4.1.5.V4_4D_MC_gron\_internal\pipeline\09_build_blank_cells.py

STDOUT

========================================================================
  Configuration
========================================================================
  Project root        : D:\Kuliah\Q7\Thesis\260413_Gameplan1\4.Web\4.1.CesiumApp\1_RUM\4.1.5.V4_4D_MC_gron
  Footprints input    : D:\Kuliah\Q7\Thesis\260413_Gameplan1\4.Web\4.1.CesiumApp\1_RUM\4.1.5.V4_4D_MC_gron\_internal\data_pipeline\rum_footprints.json
  Packed input        : D:\Kuliah\Q7\Thesis\260413_Gameplan1\4.Web\4.1.CesiumApp\1_RUM\4.1.5.V4_4D_MC_gron\_internal\data_pipeline\packed_series.json
  Blank output        : D:\Kuliah\Q7\Thesis\260413_Gameplan1\4.Web\4.1.CesiumApp\1_RUM\4.1.5.V4_4D_MC_gron\_internal\data_pipeline\blank_cells.json
  Source CRS          : EPSG:28992
  RUM size            : 500.0 m
  Interior rule       : row_and_col

========================================================================
  Loading inputs
========================================================================
  [OK]   Loaded 3400 real RUM grid cells
  [OK]   Loaded packed series with 3400 row indices

========================================================================
  Detecting interior blank cells
========================================================================
  [OK]   Detected 1231 interior blank cells

========================================================================
  Building blank-cell features
========================================================================

========================================================================
  Writing blank-cell product
========================================================================
  [OK]   Wrote blank cells: D:\Kuliah\Q7\Thesis\260413_Gameplan1\4.Web\4.1.CesiumApp\1_RUM\4.1.5.V4_4D_MC_gron\_internal\data_pipeline\blank_cells.json (6.64 MB)

========================================================================
  Summary
========================================================================
  [OK]   Step 09 complete in 4.99 s
  Blank count            : 1231
  Real RUM count          : 3400
  Fallback zero count     : 0
  Neighbours per blank    : 2 to 12
  Blank MODEL range    : -81.2500 to 0.0000 mm
  Blank sigma range       : 0.1207 to 5.4645 mm

[10] 10_build_height_texture.py — Build height/sigma texture
----------------------------------------------------------------------------------------------------
Status   : WARN
Duration : 8.61s
Command  : C:\Users\DELL\miniconda3\python.exe D:\Kuliah\Q7\Thesis\260413_Gameplan1\4.Web\4.1.CesiumApp\1_RUM\4.1.5.V4_4D_MC_gron\_internal\pipeline\10_build_height_texture.py

STDOUT

========================================================================
  Configuration
========================================================================
  Project root       : D:\Kuliah\Q7\Thesis\260413_Gameplan1\4.Web\4.1.CesiumApp\1_RUM\4.1.5.V4_4D_MC_gron
  Packed input       : D:\Kuliah\Q7\Thesis\260413_Gameplan1\4.Web\4.1.CesiumApp\1_RUM\4.1.5.V4_4D_MC_gron\_internal\data_pipeline\packed_series.json
  Blank input        : D:\Kuliah\Q7\Thesis\260413_Gameplan1\4.Web\4.1.CesiumApp\1_RUM\4.1.5.V4_4D_MC_gron\_internal\data_pipeline\blank_cells.json
  Texture output     : D:\Kuliah\Q7\Thesis\260413_Gameplan1\4.Web\4.1.CesiumApp\1_RUM\4.1.5.V4_4D_MC_gron\_internal\data_pipeline\tiles\height_texture.png
  Metadata output    : D:\Kuliah\Q7\Thesis\260413_Gameplan1\4.Web\4.1.CesiumApp\1_RUM\4.1.5.V4_4D_MC_gron\_internal\data_pipeline\tiles\height_meta.json
  MODEL packing range: -1500.0 to 1500.0 mm
  Sigma scale mode   : p98

========================================================================
  Loading inputs
========================================================================
  [OK]   Loaded packed series: 3400 RUM rows × 304 epochs
  [OK]   Loaded blank-cell product: status=blank_cells_detected, features=1231

========================================================================
  Preparing texture rows
========================================================================
  [OK]   Texture dimensions: 304 × 4631
  [OK]   Rows: real=3400, blank=1231

========================================================================
  Computing packing scales
========================================================================
  Actual MODEL range    : -84.8928 to 2.1134 mm
  Actual sigma range    : 0.1087 to 5.5201 mm
  Sigma p98             : 3.6649 mm
  Sigma packing max     : 3.6649 mm

========================================================================
  Building texture
========================================================================
  [OK]   No MODEL clipping
  [WARN] Sigma clipped pixels: 28157 (2.0000%)

========================================================================
  Writing height metadata
========================================================================
  [OK]   Wrote height texture: D:\Kuliah\Q7\Thesis\260413_Gameplan1\4.Web\4.1.CesiumApp\1_RUM\4.1.5.V4_4D_MC_gron\_internal\data_pipeline\tiles\height_texture.png (1099.5 KB)
  [OK]   Wrote height metadata: D:\Kuliah\Q7\Thesis\260413_Gameplan1\4.Web\4.1.CesiumApp\1_RUM\4.1.5.V4_4D_MC_gron\_internal\data_pipeline\tiles\height_meta.json (423.4 KB)

========================================================================
  Summary
========================================================================
  [OK]   Step 10 complete in 8.35 s
  Texture size           : 304 × 4631
  Real / blank rows      : 3400 / 1231
  MODEL actual range     : -84.8928 to 2.1134 mm
  Packing vmin/vmax      : -1500.0000 to 1500.0000 mm
  Sigma actual range     : 0.1087 to 5.5201 mm
  Sigma packing max      : 3.6649 mm

[11] 11_build_real_caps_b3dm.py — Build real cap B3DM tiles
----------------------------------------------------------------------------------------------------
Status   : OK
Duration : 1.72s
Command  : C:\Users\DELL\miniconda3\python.exe D:\Kuliah\Q7\Thesis\260413_Gameplan1\4.Web\4.1.CesiumApp\1_RUM\4.1.5.V4_4D_MC_gron\_internal\pipeline\11_build_real_caps_b3dm.py

STDOUT

========================================================================
  Configuration
========================================================================
  Project root       : D:\Kuliah\Q7\Thesis\260413_Gameplan1\4.Web\4.1.CesiumApp\1_RUM\4.1.5.V4_4D_MC_gron
  Footprints input   : D:\Kuliah\Q7\Thesis\260413_Gameplan1\4.Web\4.1.CesiumApp\1_RUM\4.1.5.V4_4D_MC_gron\_internal\data_pipeline\rum_footprints.json
  Packed input       : D:\Kuliah\Q7\Thesis\260413_Gameplan1\4.Web\4.1.CesiumApp\1_RUM\4.1.5.V4_4D_MC_gron\_internal\data_pipeline\packed_series.json
  Height meta input  : D:\Kuliah\Q7\Thesis\260413_Gameplan1\4.Web\4.1.CesiumApp\1_RUM\4.1.5.V4_4D_MC_gron\_internal\data_pipeline\tiles\height_meta.json
  Tile index input   : D:\Kuliah\Q7\Thesis\260413_Gameplan1\4.Web\4.1.CesiumApp\1_RUM\4.1.5.V4_4D_MC_gron\_internal\data_pipeline\tiles\tile_index.json
  Tileset output     : D:\Kuliah\Q7\Thesis\260413_Gameplan1\4.Web\4.1.CesiumApp\1_RUM\4.1.5.V4_4D_MC_gron\_internal\data_pipeline\tiles\tileset.json
  Display datum      : 1000.0 m

========================================================================
  Loading inputs
========================================================================
  [OK]   Loaded 3400 footprints
  [OK]   Loaded 3400 packed row indices
  [OK]   Loaded tile index with 48 tiles

========================================================================
  Building B3DM cap tiles
========================================================================
  [OK]   Built 44 real cap B3DM tiles
  [OK]   Total RUM caps: 3400
  Total vertices       : 13600
  Total triangles      : 6800

========================================================================
  Writing tileset
========================================================================
  [OK]   Wrote real caps tileset: D:\Kuliah\Q7\Thesis\260413_Gameplan1\4.Web\4.1.CesiumApp\1_RUM\4.1.5.V4_4D_MC_gron\_internal\data_pipeline\tiles\tileset.json (42.5 KB)

========================================================================
  Summary
========================================================================
  [OK]   Step 11 complete in 1.50 s
  Real cap tiles         : 44
  Real RUM caps          : 3400
  Vertices / triangles   : 13600 / 6800
  Tileset                : D:\Kuliah\Q7\Thesis\260413_Gameplan1\4.Web\4.1.CesiumApp\1_RUM\4.1.5.V4_4D_MC_gron\_internal\data_pipeline\tiles\tileset.json

[12] 12_build_blank_caps_b3dm.py — Build blank cap B3DM tiles
----------------------------------------------------------------------------------------------------
Status   : OK
Duration : 0.79s
Command  : C:\Users\DELL\miniconda3\python.exe D:\Kuliah\Q7\Thesis\260413_Gameplan1\4.Web\4.1.CesiumApp\1_RUM\4.1.5.V4_4D_MC_gron\_internal\pipeline\12_build_blank_caps_b3dm.py

STDOUT

========================================================================
  Configuration
========================================================================
  Project root       : D:\Kuliah\Q7\Thesis\260413_Gameplan1\4.Web\4.1.CesiumApp\1_RUM\4.1.5.V4_4D_MC_gron
  Blank cells input  : D:\Kuliah\Q7\Thesis\260413_Gameplan1\4.Web\4.1.CesiumApp\1_RUM\4.1.5.V4_4D_MC_gron\_internal\data_pipeline\blank_cells.json
  Height meta input  : D:\Kuliah\Q7\Thesis\260413_Gameplan1\4.Web\4.1.CesiumApp\1_RUM\4.1.5.V4_4D_MC_gron\_internal\data_pipeline\tiles\height_meta.json
  Tile index input   : D:\Kuliah\Q7\Thesis\260413_Gameplan1\4.Web\4.1.CesiumApp\1_RUM\4.1.5.V4_4D_MC_gron\_internal\data_pipeline\tiles\tile_index.json
  Tileset output     : D:\Kuliah\Q7\Thesis\260413_Gameplan1\4.Web\4.1.CesiumApp\1_RUM\4.1.5.V4_4D_MC_gron\_internal\data_pipeline\tiles_blank\tileset.json
  Display datum      : 1000.0 m

========================================================================
  Loading inputs
========================================================================
  [OK]   Loaded blank-cell product: status=blank_cells_detected, features=1231
  [OK]   Loaded height meta: texture height=4631

========================================================================
  Preparing blank records
========================================================================
  [OK]   Prepared 1231 blank records in 43 tile groups

========================================================================
  Building blank cap B3DM tiles
========================================================================
  [OK]   Built 43 blank cap B3DM tiles
  [OK]   Total blank caps: 1231
  Total vertices       : 4924
  Total triangles      : 2462

========================================================================
  Writing blank caps tileset
========================================================================
  [OK]   Wrote blank caps tileset: D:\Kuliah\Q7\Thesis\260413_Gameplan1\4.Web\4.1.CesiumApp\1_RUM\4.1.5.V4_4D_MC_gron\_internal\data_pipeline\tiles_blank\tileset.json (43.8 KB)

========================================================================
  Summary
========================================================================
  [OK]   Step 12 complete in 0.50 s
  Blank cap tiles        : 43
  Blank caps             : 1231
  Vertices / triangles   : 4924 / 2462
  Tileset                : D:\Kuliah\Q7\Thesis\260413_Gameplan1\4.Web\4.1.CesiumApp\1_RUM\4.1.5.V4_4D_MC_gron\_internal\data_pipeline\tiles_blank\tileset.json

[13] 13_build_walls_b3dm.py — Build wall B3DM tiles
----------------------------------------------------------------------------------------------------
Status   : OK
Duration : 4.21s
Command  : C:\Users\DELL\miniconda3\python.exe D:\Kuliah\Q7\Thesis\260413_Gameplan1\4.Web\4.1.CesiumApp\1_RUM\4.1.5.V4_4D_MC_gron\_internal\pipeline\13_build_walls_b3dm.py

STDOUT

========================================================================
  Configuration
========================================================================
  Project root          : D:\Kuliah\Q7\Thesis\260413_Gameplan1\4.Web\4.1.CesiumApp\1_RUM\4.1.5.V4_4D_MC_gron
  Footprints input      : D:\Kuliah\Q7\Thesis\260413_Gameplan1\4.Web\4.1.CesiumApp\1_RUM\4.1.5.V4_4D_MC_gron\_internal\data_pipeline\rum_footprints.json
  Blank cells input     : D:\Kuliah\Q7\Thesis\260413_Gameplan1\4.Web\4.1.CesiumApp\1_RUM\4.1.5.V4_4D_MC_gron\_internal\data_pipeline\blank_cells.json
  Packed input          : D:\Kuliah\Q7\Thesis\260413_Gameplan1\4.Web\4.1.CesiumApp\1_RUM\4.1.5.V4_4D_MC_gron\_internal\data_pipeline\packed_series.json
  Height meta input     : D:\Kuliah\Q7\Thesis\260413_Gameplan1\4.Web\4.1.CesiumApp\1_RUM\4.1.5.V4_4D_MC_gron\_internal\data_pipeline\tiles\height_meta.json
  Tile index input      : D:\Kuliah\Q7\Thesis\260413_Gameplan1\4.Web\4.1.CesiumApp\1_RUM\4.1.5.V4_4D_MC_gron\_internal\data_pipeline\tiles\tile_index.json
  Real walls tileset    : D:\Kuliah\Q7\Thesis\260413_Gameplan1\4.Web\4.1.CesiumApp\1_RUM\4.1.5.V4_4D_MC_gron\_internal\data_pipeline\tiles_walls_real\tileset.json
  Blank walls tileset   : D:\Kuliah\Q7\Thesis\260413_Gameplan1\4.Web\4.1.CesiumApp\1_RUM\4.1.5.V4_4D_MC_gron\_internal\data_pipeline\tiles_walls_blank\tileset.json

========================================================================
  Loading inputs
========================================================================
  [OK]   Loaded footprints: 3400 features
  [OK]   Loaded blank cells: 1231 features
  [OK]   Loaded packed series and height metadata

========================================================================
  Building real walls
========================================================================
  [OK]   Real wall tiles: 44, cells=3400, walls=6565

========================================================================
  Building blank walls
========================================================================
  [OK]   Blank wall tiles: 43, cells=1231, walls=2427

========================================================================
  Summary
========================================================================
  [OK]   Step 13 complete in 3.91 s
  Real wall tiles        : 44
  Real wall quads        : 6565
  Blank wall tiles       : 43
  Blank wall quads       : 2427
  Real vertices/triangles: 26260 / 13130
  Blank vertices/triangles: 9708 / 4854

[14] 14_build_horizontal_field.py — Build horizontal velocity field
----------------------------------------------------------------------------------------------------
Status   : OK
Duration : 2.50s
Command  : C:\Users\DELL\miniconda3\python.exe D:\Kuliah\Q7\Thesis\260413_Gameplan1\4.Web\4.1.CesiumApp\1_RUM\4.1.5.V4_4D_MC_gron\_internal\pipeline\14_build_horizontal_field.py

STDOUT

========================================================================
  Configuration
========================================================================
  Project root          : D:\Kuliah\Q7\Thesis\260413_Gameplan1\4.Web\4.1.CesiumApp\1_RUM\4.1.5.V4_4D_MC_gron
  Footprints input      : D:\Kuliah\Q7\Thesis\260413_Gameplan1\4.Web\4.1.CesiumApp\1_RUM\4.1.5.V4_4D_MC_gron\_internal\data_pipeline\rum_footprints.json
  Packed input          : D:\Kuliah\Q7\Thesis\260413_Gameplan1\4.Web\4.1.CesiumApp\1_RUM\4.1.5.V4_4D_MC_gron\_internal\data_pipeline\packed_series.json
  Horizontal output     : D:\Kuliah\Q7\Thesis\260413_Gameplan1\4.Web\4.1.CesiumApp\1_RUM\4.1.5.V4_4D_MC_gron\_internal\data_pipeline\horizontal_field.json
  Particle output       : D:\Kuliah\Q7\Thesis\260413_Gameplan1\4.Web\4.1.CesiumApp\1_RUM\4.1.5.V4_4D_MC_gron\_internal\data_pipeline\horizontal_particle_field.json
  East/North/Up fields  : east, north, up

========================================================================
  Loading inputs
========================================================================
  [OK]   Loaded footprints: 3400 features
  [OK]   Loaded packed row index: 3400 RUMs

========================================================================
  Building horizontal records
========================================================================
  [OK]   All horizontal velocity values available
  [OK]   Covariance available for 3400 / 3400 records

========================================================================
  Writing horizontal field
========================================================================
  [OK]   Wrote horizontal field: D:\Kuliah\Q7\Thesis\260413_Gameplan1\4.Web\4.1.CesiumApp\1_RUM\4.1.5.V4_4D_MC_gron\_internal\data_pipeline\horizontal_field.json (1.62 MB)
  [OK]   Wrote particle field: D:\Kuliah\Q7\Thesis\260413_Gameplan1\4.Web\4.1.CesiumApp\1_RUM\4.1.5.V4_4D_MC_gron\_internal\data_pipeline\horizontal_particle_field.json (0.70 MB)

========================================================================
  Summary
========================================================================
  [OK]   Step 14 complete in 2.14 s
  Records                : 3400
  East range             : -3.1830 to 2.0839 mm/yr
  North range            : -1.6199 to 1.2850 mm/yr
  Speed range            : 0.0012 to 3.2042 mm/yr
  Speed p50/p98          : 0.8247 / 1.7158 mm/yr
  Covariance availability: 3400 / 3400
  Particle field records : 3400
  Particle/full size     : 0.428x

[15] 15_check_horizontal_field.py — Check horizontal field
----------------------------------------------------------------------------------------------------
Status   : WARN
Duration : 0.41s
Command  : C:\Users\DELL\miniconda3\python.exe D:\Kuliah\Q7\Thesis\260413_Gameplan1\4.Web\4.1.CesiumApp\1_RUM\4.1.5.V4_4D_MC_gron\_internal\pipeline\15_check_horizontal_field.py

STDOUT

========================================================================
  Configuration
========================================================================
  Project root          : D:\Kuliah\Q7\Thesis\260413_Gameplan1\4.Web\4.1.CesiumApp\1_RUM\4.1.5.V4_4D_MC_gron
  Horizontal input      : D:\Kuliah\Q7\Thesis\260413_Gameplan1\4.Web\4.1.CesiumApp\1_RUM\4.1.5.V4_4D_MC_gron\_internal\data_pipeline\horizontal_field.json
  Debug vector output   : D:\Kuliah\Q7\Thesis\260413_Gameplan1\4.Web\4.1.CesiumApp\1_RUM\4.1.5.V4_4D_MC_gron\_internal\data_pipeline\horizontal_debug_vectors.geojson

========================================================================
  Loading horizontal field
========================================================================
  [OK]   Loaded horizontal field: 3400 records

========================================================================
  Validating horizontal field
========================================================================
  [WARN] Near-zero horizontal vectors skipped in unit-vector validation: 46 (speed <= 0.05 mm/yr)
  [OK]   row_index values are unique and continuous
  [OK]   Horizontal vector values are finite and internally consistent
  [OK]   Covariance available for 3400 / 3400 records

========================================================================
  Writing debug vectors
========================================================================
  [OK]   Wrote debug vectors: D:\Kuliah\Q7\Thesis\260413_Gameplan1\4.Web\4.1.CesiumApp\1_RUM\4.1.5.V4_4D_MC_gron\_internal\data_pipeline\horizontal_debug_vectors.geojson (138.1 KB)
  [OK]   Debug vector count: 412

========================================================================
  Summary
========================================================================
  [OK]   Step 15 complete in 0.20 s
  Records                : 3400
  Speed range            : 0.001210 to 3.204232 mm/yr
  Speed p50/p98          : 0.824720 / 1.715774 mm/yr
  Covariance available   : 3400 / 3400
  Weak direction skipped : 46
  Std east/north p50     : 0.26260779673758106 / 0.23954617358790012 mm/yr
  Warnings               : 1

[16] 16_check_horizontal_uncertainty.py — Check horizontal uncertainty
----------------------------------------------------------------------------------------------------
Status   : OK
Duration : 0.81s
Command  : C:\Users\DELL\miniconda3\python.exe D:\Kuliah\Q7\Thesis\260413_Gameplan1\4.Web\4.1.CesiumApp\1_RUM\4.1.5.V4_4D_MC_gron\_internal\pipeline\16_check_horizontal_uncertainty.py

STDOUT

========================================================================
  Configuration
========================================================================
  Project root           : D:\Kuliah\Q7\Thesis\260413_Gameplan1\4.Web\4.1.CesiumApp\1_RUM\4.1.5.V4_4D_MC_gron
  Horizontal input       : D:\Kuliah\Q7\Thesis\260413_Gameplan1\4.Web\4.1.CesiumApp\1_RUM\4.1.5.V4_4D_MC_gron\_internal\data_pipeline\horizontal_field.json
  Uncertainty output     : D:\Kuliah\Q7\Thesis\260413_Gameplan1\4.Web\4.1.CesiumApp\1_RUM\4.1.5.V4_4D_MC_gron\_internal\data_pipeline\horizontal_uncertainty_check.json
  Confidence probability : 0.95
  Confidence scale       : 2.44774683
  Unit assumption        : covariance=(mm/yr)^2, axes=mm/yr, no /100 scaling

========================================================================
  Loading horizontal field
========================================================================
  [OK]   Loaded horizontal field: 3400 records

========================================================================
  Analyzing covariance / ellipse parameters
========================================================================
  [OK]   Computed ellipse parameters for 3400 records
  [OK]   Covariance eigenvalue analysis complete

========================================================================
  Writing uncertainty check product
========================================================================
  [OK]   Wrote horizontal uncertainty check: D:\Kuliah\Q7\Thesis\260413_Gameplan1\4.Web\4.1.CesiumApp\1_RUM\4.1.5.V4_4D_MC_gron\_internal\data_pipeline\horizontal_uncertainty_check.json (2.02 MB)

========================================================================
  Summary
========================================================================
  [OK]   Step 16 complete in 0.58 s
  Records with covariance: 3400 / 3400
  1σ major p50/p98       : 0.383868 / 0.636867 mm/yr
  95% ellipse major p50  : 0.939611 mm/yr
  Axis ratio p50/p98     : 3.732051 / 3.732054
  Speed/std-major p50    : 2.010463
  Warnings               : 0

[17] 17_build_horizontal_arrow_ellipse_b3dm.py — Build horizontal arrows and confidence ellipses
----------------------------------------------------------------------------------------------------
Status   : OK
Duration : 2.53s
Command  : C:\Users\DELL\miniconda3\python.exe D:\Kuliah\Q7\Thesis\260413_Gameplan1\4.Web\4.1.CesiumApp\1_RUM\4.1.5.V4_4D_MC_gron\_internal\pipeline\17_build_horizontal_arrow_ellipse_b3dm.py

STDOUT

========================================================================
  Configuration
========================================================================
  Project root              : D:\Kuliah\Q7\Thesis\260413_Gameplan1\4.Web\4.1.CesiumApp\1_RUM\4.1.5.V4_4D_MC_gron
  Horizontal input          : D:\Kuliah\Q7\Thesis\260413_Gameplan1\4.Web\4.1.CesiumApp\1_RUM\4.1.5.V4_4D_MC_gron\_internal\data_pipeline\horizontal_field.json
  Uncertainty input         : D:\Kuliah\Q7\Thesis\260413_Gameplan1\4.Web\4.1.CesiumApp\1_RUM\4.1.5.V4_4D_MC_gron\_internal\data_pipeline\horizontal_uncertainty_check.json
  Height meta input         : D:\Kuliah\Q7\Thesis\260413_Gameplan1\4.Web\4.1.CesiumApp\1_RUM\4.1.5.V4_4D_MC_gron\_internal\data_pipeline\tiles\height_meta.json
  Tile index input          : D:\Kuliah\Q7\Thesis\260413_Gameplan1\4.Web\4.1.CesiumApp\1_RUM\4.1.5.V4_4D_MC_gron\_internal\data_pipeline\tiles\tile_index.json
  Arrows tileset output     : D:\Kuliah\Q7\Thesis\260413_Gameplan1\4.Web\4.1.CesiumApp\1_RUM\4.1.5.V4_4D_MC_gron\_internal\data_pipeline\horizontal_dev\arrows\tileset.json
  Ellipses tileset output   : D:\Kuliah\Q7\Thesis\260413_Gameplan1\4.Web\4.1.CesiumApp\1_RUM\4.1.5.V4_4D_MC_gron\_internal\data_pipeline\horizontal_dev\ellipses\tileset.json
  Ellipse scaling note      : Step16 axes in mm/yr, no hidden /100

========================================================================
  Loading inputs
========================================================================
  [OK]   Loaded horizontal records: 3400
  [OK]   Loaded uncertainty records: 3400
  [OK]   Loaded tile index: 48 tiles

========================================================================
  Deriving horizontal visual scale
========================================================================
  RUM size source            : horizontal_records_inferred
  Scaling mode              : auto_percentile_by_rum_size_same_as_arrow
  RUM size                  : 500.080 m
  Arrow reference           : P99.5 speed = 2.082080 mm/yr
  Arrow max length          : 400.064 m
  Arrow scale               : 192.146225 m per mm/yr
  Arrow anchor fraction     : 0.750 (tail=0, head=1)
  Arrow visibility          : speed >= 0.020000 mm/yr
  Ellipse reference         : P99.5 major axis = 1.587371 mm/yr
  Ellipse max diameter      : 375.060 m
  Ellipse scale mode        : same_as_arrow
  Ellipse centre placement  : arrowhead
  Ellipse clip mode         : none
  Ellipse scale             : 192.146225 m per mm/yr

========================================================================
  Building arrow B3DM tileset
========================================================================
  [OK]   Arrow tiles: 44, arrows=3376

========================================================================
  Building confidence ellipse B3DM tileset
========================================================================
  [OK]   Ellipse tiles: 44, ellipses=3376

========================================================================
  Summary
========================================================================
  [OK]   Step 17 complete in 2.28 s
  Arrow tiles/features      : 44 / 3376
  Ellipse tiles/features    : 44 / 3376
  Arrow vertices/triangles  : 23632 / 10128
  Ellipse vertices/triangles: 432128 / 432128
  Skipped low-speed records : 24
  Skipped insignificant     : 0
  Arrows tileset            : D:\Kuliah\Q7\Thesis\260413_Gameplan1\4.Web\4.1.CesiumApp\1_RUM\4.1.5.V4_4D_MC_gron\_internal\data_pipeline\horizontal_dev\arrows\tileset.json
  Ellipses tileset          : D:\Kuliah\Q7\Thesis\260413_Gameplan1\4.Web\4.1.CesiumApp\1_RUM\4.1.5.V4_4D_MC_gron\_internal\data_pipeline\horizontal_dev\ellipses\tileset.json

[18] 18_build_viewer_tuning.py — Build data-derived viewer tuning
----------------------------------------------------------------------------------------------------
Status   : OK
Duration : 2.23s
Command  : C:\Users\DELL\miniconda3\python.exe D:\Kuliah\Q7\Thesis\260413_Gameplan1\4.Web\4.1.CesiumApp\1_RUM\4.1.5.V4_4D_MC_gron\_internal\pipeline\18_build_viewer_tuning.py

STDOUT

========================================================================
  Configuration
========================================================================
  Project root       : D:\Kuliah\Q7\Thesis\260413_Gameplan1\4.Web\4.1.CesiumApp\1_RUM\4.1.5.V4_4D_MC_gron
  Viewer tuning out  : D:\Kuliah\Q7\Thesis\260413_Gameplan1\4.Web\4.1.CesiumApp\1_RUM\4.1.5.V4_4D_MC_gron\_internal\data_pipeline\viewer_resources\viewer_tuning.json
  Dataset title      : None
  Project key        : groningen

========================================================================
  Loading final products
========================================================================
  [OK]   All core viewer products exist

========================================================================
  Deriving viewer knobs
========================================================================
  [OK]   Derived camera, epoch, color-scale, vertical-exaggeration, and horizontal glyph defaults
  [OK]   Blank cells detected: 1231

========================================================================
  Writing viewer tuning JSON
========================================================================
  [OK]   Wrote viewer tuning: D:\Kuliah\Q7\Thesis\260413_Gameplan1\4.Web\4.1.CesiumApp\1_RUM\4.1.5.V4_4D_MC_gron\_internal\data_pipeline\viewer_resources\viewer_tuning.json (23.3 KB)

========================================================================
  Summary
========================================================================
  [OK]   Step 18 complete in 1.94 s
  Camera center          : 6.77859352, 53.30712074
  Camera range           : 132538.609409 m
  Model exaggeration     : 30.0x
  Color scale            : -9.0 to 3.0 mm/yr (center=0.0, tau=0.5)
  Default epoch          : 2025-12-31
  Blank count            : 1231
  Warnings               : 0

====================================================================================================
End of log
====================================================================================================
