====================================================================================================
InSAR4D RUM Viewer Pipeline Run
====================================================================================================
Run ID              : 20260604_000044
Status              : SUCCESS_WITH_WARNINGS
Started             : 2026-06-04T00:00:44+02:00
Ended               : 2026-06-04T00:01:32+02:00
Duration            : 48.39s

Configuration
----------------------------------------------------------------------------------------------------
Project key         : synthbowl1
Dataset title       : Synthbowl1 4D RUM Viewer
Source file         : data/synthbowl1_enu_estimates.csv
Source CRS          : EPSG:23830
RUM size            : 450.0 m
Expected RUM count  : None
Measurement behavior: sinusoidal
Measurement noise   : medium (5.0 mm)
Vertical model      : linear
Uncertainty quality : high
Epoch start         : 2014-06-01
Epoch end           : 2018-09-22
Epoch interval      : 14 days
Expected epochs     : 114

Step summary
----------------------------------------------------------------------------------------------------
Step   Status   Duration   Script                                     Title
----------------------------------------------------------------------------------------------------
01     OK       5.30s      01_convert_source_to_geojson.py            Convert source table to WGS84 GeoJSON
02     OK       6.67s      02_prepare_vertical_epochs_from_velocity.py Prepare synthetic vertical measurement/model epochs from velocity
03     OK       1.43s      03_build_footprints.py                     Build corrected RUM footprints
04     OK       7.45s      04_enhance_vertical_sigma.py               Enhance vertical sigma / uncertainty field
05     WARN     2.77s      05_validate_prepared_inputs.py             Validate prepared inputs
06     OK       6.98s      06_pack_vertical_series.py                 Pack vertical measurement/model and sigma series
07     OK       1.13s      07_build_tile_index.py                     Build spatial tile index
08     OK       0.67s      08_export_epoch_axis.py                    Export epoch axis
09     OK       1.14s      09_build_blank_cells.py                    Build blank/no-data cells
10     WARN     5.19s      10_build_height_texture.py                 Build height/sigma texture
11     OK       1.32s      11_build_real_caps_b3dm.py                 Build real cap B3DM tiles
12     OK       0.14s      12_build_blank_caps_b3dm.py                Build blank cap B3DM tiles
13     OK       1.35s      13_build_walls_b3dm.py                     Build wall B3DM tiles
14     OK       1.68s      14_build_horizontal_field.py               Build horizontal velocity field
15     WARN     0.31s      15_check_horizontal_field.py               Check horizontal field
16     OK       0.73s      16_check_horizontal_uncertainty.py         Check horizontal uncertainty
17     OK       2.78s      17_build_horizontal_arrow_ellipse_b3dm.py  Build horizontal arrows and confidence ellipses
18     OK       1.22s      18_build_viewer_tuning.py                  Build data-derived viewer tuning
----------------------------------------------------------------------------------------------------

Warnings
----------------------------------------------------------------------------------------------------
- [05] [WARN] No expected_rum_count provided; count mismatch check skipped
- [05] [WARN] Step 05 validation passed with warnings in 2.60 s
- [10] [WARN] Sigma clipped pixels: 14547 (1.9988%)
- [15] [WARN] Near-zero horizontal vectors skipped in unit-vector validation: 392 (speed <= 0.05 mm/yr)

Generated output summary
----------------------------------------------------------------------------------------------------
rum_footprints                             exists=yes size=5312949 bytes  path=_internal/data_pipeline/rum_footprints.json
packed_series                              exists=yes size=15491633 bytes path=_internal/data_pipeline/packed_series.json
blank_cells                                exists=yes size=2121 bytes     path=_internal/data_pipeline/blank_cells.json
height_texture                             exists=yes size=489734 bytes   path=_internal/data_pipeline/tiles/height_texture.png
height_meta                                exists=yes size=286155 bytes   path=_internal/data_pipeline/tiles/height_meta.json
epoch_axis                                 exists=yes size=7712 bytes     path=_internal/data_pipeline/tiles/epoch_axis.json
horizontal_field                           exists=yes size=2999328 bytes  path=_internal/data_pipeline/horizontal_field.json
horizontal_particle_field                  exists=yes size=1268641 bytes  path=_internal/data_pipeline/horizontal_particle_field.json
horizontal_debug_vectors                   exists=yes size=261542 bytes   path=_internal/data_pipeline/horizontal_debug_vectors.geojson
horizontal_uncertainty_check               exists=yes size=3859202 bytes  path=_internal/data_pipeline/horizontal_uncertainty_check.json
horizontal_arrows_tileset                  exists=yes size=49899 bytes    path=_internal/data_pipeline/horizontal_dev/arrows/tileset.json
horizontal_ellipses_tileset                exists=yes size=50003 bytes    path=_internal/data_pipeline/horizontal_dev/ellipses/tileset.json
horizontal_arrows_wgs84                    exists=no  size=-              path=_internal/data_pipeline/horizontal_dev/horizontal_arrows_wgs84.geojson
horizontal_confidence_ellipses_wgs84       exists=no  size=-              path=_internal/data_pipeline/horizontal_dev/horizontal_confidence_ellipses_wgs84.geojson
viewer_tuning                              exists=yes size=23677 bytes    path=_internal/data_pipeline/viewer_resources/viewer_tuning.json
real_caps_tileset                          exists=yes size=47681 bytes    path=_internal/data_pipeline/tiles/tileset.json
blank_caps_tileset                         exists=yes size=840 bytes      path=_internal/data_pipeline/tiles_blank/tileset.json
real_walls_tileset                         exists=yes size=48807 bytes    path=_internal/data_pipeline/tiles_walls_real/tileset.json
blank_walls_tileset                        exists=yes size=747 bytes      path=_internal/data_pipeline/tiles_walls_blank/tileset.json

Full step output
====================================================================================================

[01] 01_convert_source_to_geojson.py — Convert source table to WGS84 GeoJSON
----------------------------------------------------------------------------------------------------
Status   : OK
Duration : 5.30s
Command  : C:\Users\DELL\miniconda3\python.exe D:\Kuliah\Q7\Thesis\260413_Gameplan1\4.Web\4.1.CesiumApp\1_RUM\4.1.5.V4_4D_Sbowl_MCtest\_internal\pipeline\01_convert_source_to_geojson.py

STDOUT

========================================================================
  Configuration
========================================================================
  Project root       : D:\Kuliah\Q7\Thesis\260413_Gameplan1\4.Web\4.1.CesiumApp\1_RUM\4.1.5.V4_4D_Sbowl_MCtest
  Source file        : data/synthbowl1_enu_estimates.csv
  Source CRS         : EPSG:23830
  X/Y fields         : x_rum, y_rum
  Plain GeoJSON      : D:\Kuliah\Q7\Thesis\260413_Gameplan1\4.Web\4.1.CesiumApp\1_RUM\4.1.5.V4_4D_Sbowl_MCtest\_internal\data_pipeline\points_wgs84.geojson
  RUM ID GeoJSON     : D:\Kuliah\Q7\Thesis\260413_Gameplan1\4.Web\4.1.CesiumApp\1_RUM\4.1.5.V4_4D_Sbowl_MCtest\_internal\data_pipeline\points_wgs84_with_rumid.geojson

========================================================================
  Loading source table
========================================================================
  [OK]   Loaded 6384 rows × 19 columns
  Columns: rum_id, x_rum, y_rum, east, north, up, var_east, var_north, var_up, covar_en, covar_eu, covar_nu, district_id, subdistrict, rum_size_m, excel_col, excel_row, is_sparse, Unnamed: 18

========================================================================
  Checking required columns
========================================================================
  [OK]   Required coordinate and velocity columns found
  [OK]   All configured uncertainty columns found

========================================================================
  Cleaning coordinates
========================================================================
  [OK]   All source coordinates are finite

========================================================================
  Building RUM IDs
========================================================================
  [OK]   Using existing RUM ID column: rum_id
  [OK]   Stable RUM IDs ready: 6384

========================================================================
  Transforming coordinates
========================================================================
  [OK]   Coordinate transform: EPSG:23830 -> EPSG:4326
  [OK]   Transformed 6384 coordinates
  BBox WGS84: west=107.57182914, south=-6.1528107, east=107.90749258, north=-5.84766895

========================================================================
  Writing GeoJSON outputs
========================================================================
  [OK]   Wrote RUM ID GeoJSON: D:\Kuliah\Q7\Thesis\260413_Gameplan1\4.Web\4.1.CesiumApp\1_RUM\4.1.5.V4_4D_Sbowl_MCtest\_internal\data_pipeline\points_wgs84_with_rumid.geojson (2.77 MB)
  [OK]   Wrote plain GeoJSON: D:\Kuliah\Q7\Thesis\260413_Gameplan1\4.Web\4.1.CesiumApp\1_RUM\4.1.5.V4_4D_Sbowl_MCtest\_internal\data_pipeline\points_wgs84.geojson (2.77 MB)

========================================================================
  Summary
========================================================================
  [OK]   Step 01 complete in 3.80 s
  Source rows input          : 6384
  Rows used                  : 6384
  Rows dropped               : 0
  Output RUM count           : 6384
  BBox west/south/east/north : 107.57182914, -6.1528107, 107.90749258, -5.84766895

[02] 02_prepare_vertical_epochs_from_velocity.py — Prepare synthetic vertical measurement/model epochs from velocity
----------------------------------------------------------------------------------------------------
Status   : OK
Duration : 6.67s
Command  : C:\Users\DELL\miniconda3\python.exe D:\Kuliah\Q7\Thesis\260413_Gameplan1\4.Web\4.1.CesiumApp\1_RUM\4.1.5.V4_4D_Sbowl_MCtest\_internal\pipeline\02_prepare_vertical_epochs_from_velocity.py

STDOUT

========================================================================
  Configuration
========================================================================
  Project root             : D:\Kuliah\Q7\Thesis\260413_Gameplan1\4.Web\4.1.CesiumApp\1_RUM\4.1.5.V4_4D_Sbowl_MCtest
  Points GeoJSON           : D:\Kuliah\Q7\Thesis\260413_Gameplan1\4.Web\4.1.CesiumApp\1_RUM\4.1.5.V4_4D_Sbowl_MCtest\_internal\data_pipeline\points_wgs84_with_rumid.geojson
  Base epoch output        : D:\Kuliah\Q7\Thesis\260413_Gameplan1\4.Web\4.1.CesiumApp\1_RUM\4.1.5.V4_4D_Sbowl_MCtest\_internal\data_pipeline\vertical_epochs_base.json
  Working epoch output     : D:\Kuliah\Q7\Thesis\260413_Gameplan1\4.Web\4.1.CesiumApp\1_RUM\4.1.5.V4_4D_Sbowl_MCtest\_internal\data_pipeline\vertical_epochs.json
  Up velocity field        : up
  Up variance field        : var_up
  Date range               : 2014-06-01 → 2018-09-22
  Interval                 : 14 days
  MEASUREMENT behavior     : sinusoidal
  MEASUREMENT noise        : medium (5.0 mm)
  MEASUREMENT outlier p    : 0.0
  MEASUREMENT outlier σ    : 0.0 mm
  MODEL behavior           : linear
  Random seed              : 42
  MEASUREMENT sinus amp    : 5.0 mm
  MEASUREMENT sinus period : 365.25 days
  MEASUREMENT sinus phase  : 45.0 days

========================================================================
  Building time axis
========================================================================
  [OK]   Built 114 epochs
  First epoch              : 2014-06-01
  Last epoch               : 2018-09-22
  First interval           : 14 days

========================================================================
  Loading RUM point product
========================================================================
  [OK]   Loaded 6384 RUM point features

========================================================================
  Generating synthetic vertical MEASUREMENT and MODEL series
========================================================================
  [OK]   Generated synthetic series for 6384 RUMs × 114 epochs
  [OK]   Applied Gaussian measurement noise to 721392 epoch values
  [OK]   Applied synthetic measurement outliers to 0 epoch values

========================================================================
  Writing epoch products
========================================================================
  [OK]   Wrote base synthetic epochs: D:\Kuliah\Q7\Thesis\260413_Gameplan1\4.Web\4.1.CesiumApp\1_RUM\4.1.5.V4_4D_Sbowl_MCtest\_internal\data_pipeline\vertical_epochs_base.json (15.46 MB)
  [OK]   Wrote working epoch product: D:\Kuliah\Q7\Thesis\260413_Gameplan1\4.Web\4.1.CesiumApp\1_RUM\4.1.5.V4_4D_Sbowl_MCtest\_internal\data_pipeline\vertical_epochs.json (15.46 MB)

========================================================================
  Summary
========================================================================
  [OK]   Step 02 complete in 6.49 s
  RUM count                : 6384
  Epoch count              : 114
  Up velocity range        : -45.0000 to 1.5000 mm/yr
  MEASUREMENT range        : -188.9744 to 35.0796 mm
  MODEL range              : -193.9220 to 6.4641 mm
  Sigma range              : 0.0000 to 1.0221 mm
  MEASUREMENT behavior     : sinusoidal
  MEASUREMENT noise        : medium (5.0 mm)
  MODEL behavior           : linear

[03] 03_build_footprints.py — Build corrected RUM footprints
----------------------------------------------------------------------------------------------------
Status   : OK
Duration : 1.43s
Command  : C:\Users\DELL\miniconda3\python.exe D:\Kuliah\Q7\Thesis\260413_Gameplan1\4.Web\4.1.CesiumApp\1_RUM\4.1.5.V4_4D_Sbowl_MCtest\_internal\pipeline\03_build_footprints.py

STDOUT

========================================================================
  Configuration
========================================================================
  Project root       : D:\Kuliah\Q7\Thesis\260413_Gameplan1\4.Web\4.1.CesiumApp\1_RUM\4.1.5.V4_4D_Sbowl_MCtest
  Points input       : D:\Kuliah\Q7\Thesis\260413_Gameplan1\4.Web\4.1.CesiumApp\1_RUM\4.1.5.V4_4D_Sbowl_MCtest\_internal\data_pipeline\points_wgs84_with_rumid.geojson
  Footprints output  : D:\Kuliah\Q7\Thesis\260413_Gameplan1\4.Web\4.1.CesiumApp\1_RUM\4.1.5.V4_4D_Sbowl_MCtest\_internal\data_pipeline\rum_footprints.json
  Source CRS         : EPSG:23830
  RUM size           : 450.0 m

========================================================================
  Loading RUM centers
========================================================================
  [OK]   Loaded 6384 center points
  Center bbox source : {'min_x': 1660000.0, 'min_y': 801600.0, 'max_x': 1697350.0, 'max_y': 835350.0}
  Center bbox WGS84  : {'west': 107.57182914, 'south': -6.1528107, 'east': 107.90749258, 'north': -5.84766895}

========================================================================
  Inferring grid indices
========================================================================
  [OK]   Grid inferred: 84 cols × 76 rows from spacing 450.0 m
  Grid i range       : 0 → 83
  Grid j range       : 0 → 75
  Max snap residual  : x=0.0 m, y=0.0 m

========================================================================
  Building projected-square WGS84 footprints
========================================================================
  [OK]   No duplicate inferred grid cells
  [OK]   Built 6384 WGS84 footprint polygons
  Footprint bbox source : {'min_x': 1659775.0, 'min_y': 801375.0, 'max_x': 1697575.0, 'max_y': 835575.0}
  Footprint bbox WGS84  : {'west': 107.56980332, 'south': -6.15484174, 'east': 107.90952029, 'north': -5.84564185}

========================================================================
  Writing footprint product
========================================================================
  [OK]   Wrote RUM footprints: D:\Kuliah\Q7\Thesis\260413_Gameplan1\4.Web\4.1.CesiumApp\1_RUM\4.1.5.V4_4D_Sbowl_MCtest\_internal\data_pipeline\rum_footprints.json (5.07 MB)

========================================================================
  Summary
========================================================================
  [OK]   Step 03 complete in 1.17 s
  RUM footprints      : 6384
  RUM size            : 450.0 m
  Grid size           : 84 cols × 76 rows
  BBox WGS84          : 107.56980332, -6.15484174, 107.90952029, -5.84564185

[04] 04_enhance_vertical_sigma.py — Enhance vertical sigma / uncertainty field
----------------------------------------------------------------------------------------------------
Status   : OK
Duration : 7.45s
Command  : C:\Users\DELL\miniconda3\python.exe D:\Kuliah\Q7\Thesis\260413_Gameplan1\4.Web\4.1.CesiumApp\1_RUM\4.1.5.V4_4D_Sbowl_MCtest\_internal\pipeline\04_enhance_vertical_sigma.py

STDOUT

========================================================================
  Configuration
========================================================================
  Project root          : D:\Kuliah\Q7\Thesis\260413_Gameplan1\4.Web\4.1.CesiumApp\1_RUM\4.1.5.V4_4D_Sbowl_MCtest
  Base epoch input      : D:\Kuliah\Q7\Thesis\260413_Gameplan1\4.Web\4.1.CesiumApp\1_RUM\4.1.5.V4_4D_Sbowl_MCtest\_internal\data_pipeline\vertical_epochs_base.json
  Footprints input      : D:\Kuliah\Q7\Thesis\260413_Gameplan1\4.Web\4.1.CesiumApp\1_RUM\4.1.5.V4_4D_Sbowl_MCtest\_internal\data_pipeline\rum_footprints.json
  Enhanced epoch output : D:\Kuliah\Q7\Thesis\260413_Gameplan1\4.Web\4.1.CesiumApp\1_RUM\4.1.5.V4_4D_Sbowl_MCtest\_internal\data_pipeline\vertical_epochs.json
  Quality preset        : high

========================================================================
  Loading inputs
========================================================================
  [OK]   Loaded base epoch product: 6384 RUMs × 114 epochs
  [OK]   Loaded footprint grid for 6384 RUMs

========================================================================
  Classifying topology
========================================================================
  [OK]   Topology classes: interior=6380, edge=4, isolated=0

========================================================================
  Building temporal sigma components
========================================================================
  [OK]   Temporal growth factor end/start: 1.400
  [OK]   Seasonal multiplier range: 0.850 to 1.150
  [OK]   Synthetic spike epochs: [82]

========================================================================
  Enhancing sigma
========================================================================
  [OK]   Vertical MEASUREMENT and MODEL roles preserved
  [OK]   Enhanced sigma for 6384 RUMs

========================================================================
  Writing enhanced epoch product
========================================================================
  [OK]   Wrote enhanced vertical epochs: D:\Kuliah\Q7\Thesis\260413_Gameplan1\4.Web\4.1.CesiumApp\1_RUM\4.1.5.V4_4D_Sbowl_MCtest\_internal\data_pipeline\vertical_epochs.json (16.24 MB)

========================================================================
  Summary
========================================================================
  [OK]   Step 04 complete in 7.07 s
  Quality preset         : high
  RUM count              : 6384
  Epoch count            : 114
  Topology interior/edge/isolated: 6380/4/0
  Enhanced sigma min     : 0.1095 mm
  Enhanced sigma median  : 0.1849 mm
  Enhanced sigma max     : 3.9446 mm

[05] 05_validate_prepared_inputs.py — Validate prepared inputs
----------------------------------------------------------------------------------------------------
Status   : WARN
Duration : 2.77s
Command  : C:\Users\DELL\miniconda3\python.exe D:\Kuliah\Q7\Thesis\260413_Gameplan1\4.Web\4.1.CesiumApp\1_RUM\4.1.5.V4_4D_Sbowl_MCtest\_internal\pipeline\05_validate_prepared_inputs.py

STDOUT

========================================================================
  Configuration
========================================================================
  Project root          : D:\Kuliah\Q7\Thesis\260413_Gameplan1\4.Web\4.1.CesiumApp\1_RUM\4.1.5.V4_4D_Sbowl_MCtest
  Points input          : D:\Kuliah\Q7\Thesis\260413_Gameplan1\4.Web\4.1.CesiumApp\1_RUM\4.1.5.V4_4D_Sbowl_MCtest\_internal\data_pipeline\points_wgs84_with_rumid.geojson
  Epoch input           : D:\Kuliah\Q7\Thesis\260413_Gameplan1\4.Web\4.1.CesiumApp\1_RUM\4.1.5.V4_4D_Sbowl_MCtest\_internal\data_pipeline\vertical_epochs.json
  Footprints input      : D:\Kuliah\Q7\Thesis\260413_Gameplan1\4.Web\4.1.CesiumApp\1_RUM\4.1.5.V4_4D_Sbowl_MCtest\_internal\data_pipeline\rum_footprints.json
  Validation report     : D:\Kuliah\Q7\Thesis\260413_Gameplan1\4.Web\4.1.CesiumApp\1_RUM\4.1.5.V4_4D_Sbowl_MCtest\_internal\data_pipeline\validation_report.json
  Expected RUM count    : None
  Expected epoch count  : 114
  Expected RUM size     : 450.0 m

========================================================================
  Checking required files
========================================================================
  [OK]   points file exists: 2.77 MB
  [OK]   epochs file exists: 16.24 MB
  [OK]   footprints file exists: 5.07 MB

========================================================================
  Loading products
========================================================================
  [OK]   JSON products loaded

========================================================================
  Validating points
========================================================================
  [OK]   Point product valid: 6384 points, unique rum_id values

========================================================================
  Validating footprints
========================================================================
  [OK]   Footprint product valid: 6384 polygons, 6384 occupied grid cells

========================================================================
  Validating epoch series
========================================================================
  [OK]   Vertical epoch product valid: 6384 RUMs × 114 epochs
  [OK]   Validated MEASUREMENT, MODEL, and sigma arrays

========================================================================
  Cross-checking products
========================================================================
  [WARN] No expected_rum_count provided; count mismatch check skipped
  [OK]   Footprint rum_size_m matches config: 450.0 m
  [OK]   RUM ID sets match across points, footprints, and epoch series
  [OK]   Cross-product counts are consistent

========================================================================
  Writing validation report
========================================================================
  [OK]   Wrote validation report: D:\Kuliah\Q7\Thesis\260413_Gameplan1\4.Web\4.1.CesiumApp\1_RUM\4.1.5.V4_4D_Sbowl_MCtest\_internal\data_pipeline\validation_report.json (2.1 KB)

========================================================================
  Summary
========================================================================
  [WARN] Step 05 validation passed with warnings in 2.60 s
  RUM count              : 6384
  Epoch count            : 114
  MEASUREMENT range      : -188.9744 to 35.0796 mm
  MODEL range            : -193.922 to 6.4641 mm
  Sigma range            : 0.1095 to 3.9446 mm
  Warnings               : 2
  Errors                 : 0

[06] 06_pack_vertical_series.py — Pack vertical measurement/model and sigma series
----------------------------------------------------------------------------------------------------
Status   : OK
Duration : 6.98s
Command  : C:\Users\DELL\miniconda3\python.exe D:\Kuliah\Q7\Thesis\260413_Gameplan1\4.Web\4.1.CesiumApp\1_RUM\4.1.5.V4_4D_Sbowl_MCtest\_internal\pipeline\06_pack_vertical_series.py

STDOUT

========================================================================
  Configuration
========================================================================
  Project root       : D:\Kuliah\Q7\Thesis\260413_Gameplan1\4.Web\4.1.CesiumApp\1_RUM\4.1.5.V4_4D_Sbowl_MCtest
  Epoch input        : D:\Kuliah\Q7\Thesis\260413_Gameplan1\4.Web\4.1.CesiumApp\1_RUM\4.1.5.V4_4D_Sbowl_MCtest\_internal\data_pipeline\vertical_epochs.json
  Packed output      : D:\Kuliah\Q7\Thesis\260413_Gameplan1\4.Web\4.1.CesiumApp\1_RUM\4.1.5.V4_4D_Sbowl_MCtest\_internal\data_pipeline\packed_series.json

========================================================================
  Loading vertical epoch product
========================================================================
  [OK]   Loaded 6384 RUM series × 114 epochs
  [OK]   Built deterministic rum_order and rum_index

========================================================================
  Packing arrays
========================================================================
  [OK]   Packed measurement_mm flat array length: 727776
  [OK]   Packed model_mm flat array length: 727776
  [OK]   Packed sigma_mm flat array length: 727776

========================================================================
  Building metadata summary
========================================================================

========================================================================
  Writing packed series
========================================================================
  [OK]   Wrote packed series: D:\Kuliah\Q7\Thesis\260413_Gameplan1\4.Web\4.1.CesiumApp\1_RUM\4.1.5.V4_4D_Sbowl_MCtest\_internal\data_pipeline\packed_series.json (14.77 MB)

========================================================================
  Summary
========================================================================
  [OK]   Step 06 complete in 6.80 s
  RUM count              : 6384
  Epoch count            : 114
  Packed array length    : 727776
  MEASUREMENT range      : -188.9744 to 35.0796 mm
  MODEL range            : -193.9220 to 6.4641 mm
  Sigma range            : 0.1095 to 3.9446 mm
  Source up range        : -45.0000 to 1.5000 mm/yr

[07] 07_build_tile_index.py — Build spatial tile index
----------------------------------------------------------------------------------------------------
Status   : OK
Duration : 1.13s
Command  : C:\Users\DELL\miniconda3\python.exe D:\Kuliah\Q7\Thesis\260413_Gameplan1\4.Web\4.1.CesiumApp\1_RUM\4.1.5.V4_4D_Sbowl_MCtest\_internal\pipeline\07_build_tile_index.py

STDOUT

========================================================================
  Configuration
========================================================================
  Project root        : D:\Kuliah\Q7\Thesis\260413_Gameplan1\4.Web\4.1.CesiumApp\1_RUM\4.1.5.V4_4D_Sbowl_MCtest
  Footprints input    : D:\Kuliah\Q7\Thesis\260413_Gameplan1\4.Web\4.1.CesiumApp\1_RUM\4.1.5.V4_4D_Sbowl_MCtest\_internal\data_pipeline\rum_footprints.json
  Packed input        : D:\Kuliah\Q7\Thesis\260413_Gameplan1\4.Web\4.1.CesiumApp\1_RUM\4.1.5.V4_4D_Sbowl_MCtest\_internal\data_pipeline\packed_series.json
  Tile index output   : D:\Kuliah\Q7\Thesis\260413_Gameplan1\4.Web\4.1.CesiumApp\1_RUM\4.1.5.V4_4D_Sbowl_MCtest\_internal\data_pipeline\tiles\tile_index.json
  Assignments output  : D:\Kuliah\Q7\Thesis\260413_Gameplan1\4.Web\4.1.CesiumApp\1_RUM\4.1.5.V4_4D_Sbowl_MCtest\_internal\data_pipeline\tiles\tile_assignments.json
  Requested tile grid : 8 cols × 6 rows

========================================================================
  Loading inputs
========================================================================
  [OK]   Loaded footprints and packed series
  [OK]   Packed series: 6384 RUMs × 114 epochs

========================================================================
  Building feature records
========================================================================
  [OK]   Prepared 6384 footprint records with row indices

========================================================================
  Partitioning spatial tiles
========================================================================
  [OK]   Built tile index: 48 non-empty tiles, 0 empty tiles
  Tile grid actual     : 8 cols × 6 rows
  RUMs per non-empty tile: min=120, max=143

========================================================================
  Writing tile index products
========================================================================
  [OK]   Wrote tile index: D:\Kuliah\Q7\Thesis\260413_Gameplan1\4.Web\4.1.CesiumApp\1_RUM\4.1.5.V4_4D_Sbowl_MCtest\_internal\data_pipeline\tiles\tile_index.json (126.9 KB)
  [OK]   Wrote tile assignments: D:\Kuliah\Q7\Thesis\260413_Gameplan1\4.Web\4.1.CesiumApp\1_RUM\4.1.5.V4_4D_Sbowl_MCtest\_internal\data_pipeline\tiles\tile_assignments.json (668.8 KB)

========================================================================
  Summary
========================================================================
  [OK]   Step 07 complete in 0.98 s
  RUM count              : 6384
  Tile count             : 48
  Non-empty tiles         : 48
  Empty tiles             : 0
  RUMs per tile           : 120 to 143

[08] 08_export_epoch_axis.py — Export epoch axis
----------------------------------------------------------------------------------------------------
Status   : OK
Duration : 0.67s
Command  : C:\Users\DELL\miniconda3\python.exe D:\Kuliah\Q7\Thesis\260413_Gameplan1\4.Web\4.1.CesiumApp\1_RUM\4.1.5.V4_4D_Sbowl_MCtest\_internal\pipeline\08_export_epoch_axis.py

STDOUT

========================================================================
  Configuration
========================================================================
  Project root       : D:\Kuliah\Q7\Thesis\260413_Gameplan1\4.Web\4.1.CesiumApp\1_RUM\4.1.5.V4_4D_Sbowl_MCtest
  Packed input       : D:\Kuliah\Q7\Thesis\260413_Gameplan1\4.Web\4.1.CesiumApp\1_RUM\4.1.5.V4_4D_Sbowl_MCtest\_internal\data_pipeline\packed_series.json
  Epoch axis output  : D:\Kuliah\Q7\Thesis\260413_Gameplan1\4.Web\4.1.CesiumApp\1_RUM\4.1.5.V4_4D_Sbowl_MCtest\_internal\data_pipeline\tiles\epoch_axis.json

========================================================================
  Loading packed series
========================================================================
  [OK]   Loaded epoch axis with 114 epochs
  First epoch        : 2014-06-01
  Last epoch         : 2018-09-22
  Default index      : 113
  Interval mode      : 14 days

========================================================================
  Writing epoch axis
========================================================================
  [OK]   Wrote epoch axis: D:\Kuliah\Q7\Thesis\260413_Gameplan1\4.Web\4.1.CesiumApp\1_RUM\4.1.5.V4_4D_Sbowl_MCtest\_internal\data_pipeline\tiles\epoch_axis.json (7.5 KB)

========================================================================
  Summary
========================================================================
  [OK]   Step 08 complete in 0.53 s
  Epoch count            : 114
  First / last            : 2014-06-01 / 2018-09-22
  Default epoch           : 2018-09-22
  Interval min/mode/max   : 6 / 14 / 14 days

[09] 09_build_blank_cells.py — Build blank/no-data cells
----------------------------------------------------------------------------------------------------
Status   : OK
Duration : 1.14s
Command  : C:\Users\DELL\miniconda3\python.exe D:\Kuliah\Q7\Thesis\260413_Gameplan1\4.Web\4.1.CesiumApp\1_RUM\4.1.5.V4_4D_Sbowl_MCtest\_internal\pipeline\09_build_blank_cells.py

STDOUT

========================================================================
  Configuration
========================================================================
  Project root        : D:\Kuliah\Q7\Thesis\260413_Gameplan1\4.Web\4.1.CesiumApp\1_RUM\4.1.5.V4_4D_Sbowl_MCtest
  Footprints input    : D:\Kuliah\Q7\Thesis\260413_Gameplan1\4.Web\4.1.CesiumApp\1_RUM\4.1.5.V4_4D_Sbowl_MCtest\_internal\data_pipeline\rum_footprints.json
  Packed input        : D:\Kuliah\Q7\Thesis\260413_Gameplan1\4.Web\4.1.CesiumApp\1_RUM\4.1.5.V4_4D_Sbowl_MCtest\_internal\data_pipeline\packed_series.json
  Blank output        : D:\Kuliah\Q7\Thesis\260413_Gameplan1\4.Web\4.1.CesiumApp\1_RUM\4.1.5.V4_4D_Sbowl_MCtest\_internal\data_pipeline\blank_cells.json
  Source CRS          : EPSG:23830
  RUM size            : 450.0 m
  Interior rule       : row_and_col

========================================================================
  Loading inputs
========================================================================
  [OK]   Loaded 6384 real RUM grid cells
  [OK]   Loaded packed series with 6384 row indices

========================================================================
  Detecting interior blank cells
========================================================================
  [OK]   No blank cells detected; this is valid
  [OK]   Wrote empty blank-cell product: D:\Kuliah\Q7\Thesis\260413_Gameplan1\4.Web\4.1.CesiumApp\1_RUM\4.1.5.V4_4D_Sbowl_MCtest\_internal\data_pipeline\blank_cells.json (2.1 KB)

========================================================================
  Summary
========================================================================
  [OK]   Step 09 complete in 0.80 s
  Blank count            : 0
  Status                 : no_blank_cells_detected

[10] 10_build_height_texture.py — Build height/sigma texture
----------------------------------------------------------------------------------------------------
Status   : WARN
Duration : 5.19s
Command  : C:\Users\DELL\miniconda3\python.exe D:\Kuliah\Q7\Thesis\260413_Gameplan1\4.Web\4.1.CesiumApp\1_RUM\4.1.5.V4_4D_Sbowl_MCtest\_internal\pipeline\10_build_height_texture.py

STDOUT

========================================================================
  Configuration
========================================================================
  Project root       : D:\Kuliah\Q7\Thesis\260413_Gameplan1\4.Web\4.1.CesiumApp\1_RUM\4.1.5.V4_4D_Sbowl_MCtest
  Packed input       : D:\Kuliah\Q7\Thesis\260413_Gameplan1\4.Web\4.1.CesiumApp\1_RUM\4.1.5.V4_4D_Sbowl_MCtest\_internal\data_pipeline\packed_series.json
  Blank input        : D:\Kuliah\Q7\Thesis\260413_Gameplan1\4.Web\4.1.CesiumApp\1_RUM\4.1.5.V4_4D_Sbowl_MCtest\_internal\data_pipeline\blank_cells.json
  Texture output     : D:\Kuliah\Q7\Thesis\260413_Gameplan1\4.Web\4.1.CesiumApp\1_RUM\4.1.5.V4_4D_Sbowl_MCtest\_internal\data_pipeline\tiles\height_texture.png
  Metadata output    : D:\Kuliah\Q7\Thesis\260413_Gameplan1\4.Web\4.1.CesiumApp\1_RUM\4.1.5.V4_4D_Sbowl_MCtest\_internal\data_pipeline\tiles\height_meta.json
  MODEL packing range: -1500.0 to 1500.0 mm
  Sigma scale mode   : p98

========================================================================
  Loading inputs
========================================================================
  [OK]   Loaded packed series: 6384 RUM rows × 114 epochs
  [OK]   Loaded blank-cell product: status=no_blank_cells_detected, features=0

========================================================================
  Preparing texture rows
========================================================================
  [OK]   Texture dimensions: 114 × 6384
  [OK]   Rows: real=6384, blank=0

========================================================================
  Computing packing scales
========================================================================
  Actual MODEL range    : -193.9220 to 6.4641 mm
  Actual sigma range    : 0.1095 to 3.9446 mm
  Sigma p98             : 1.2630 mm
  Sigma packing max     : 1.2630 mm

========================================================================
  Building texture
========================================================================
  [OK]   No MODEL clipping
  [WARN] Sigma clipped pixels: 14547 (1.9988%)

========================================================================
  Writing height metadata
========================================================================
  [OK]   Wrote height texture: D:\Kuliah\Q7\Thesis\260413_Gameplan1\4.Web\4.1.CesiumApp\1_RUM\4.1.5.V4_4D_Sbowl_MCtest\_internal\data_pipeline\tiles\height_texture.png (478.3 KB)
  [OK]   Wrote height metadata: D:\Kuliah\Q7\Thesis\260413_Gameplan1\4.Web\4.1.CesiumApp\1_RUM\4.1.5.V4_4D_Sbowl_MCtest\_internal\data_pipeline\tiles\height_meta.json (279.4 KB)

========================================================================
  Summary
========================================================================
  [OK]   Step 10 complete in 4.99 s
  Texture size           : 114 × 6384
  Real / blank rows      : 6384 / 0
  MODEL actual range     : -193.9220 to 6.4641 mm
  Packing vmin/vmax      : -1500.0000 to 1500.0000 mm
  Sigma actual range     : 0.1095 to 3.9446 mm
  Sigma packing max      : 1.2630 mm

[11] 11_build_real_caps_b3dm.py — Build real cap B3DM tiles
----------------------------------------------------------------------------------------------------
Status   : OK
Duration : 1.32s
Command  : C:\Users\DELL\miniconda3\python.exe D:\Kuliah\Q7\Thesis\260413_Gameplan1\4.Web\4.1.CesiumApp\1_RUM\4.1.5.V4_4D_Sbowl_MCtest\_internal\pipeline\11_build_real_caps_b3dm.py

STDOUT

========================================================================
  Configuration
========================================================================
  Project root       : D:\Kuliah\Q7\Thesis\260413_Gameplan1\4.Web\4.1.CesiumApp\1_RUM\4.1.5.V4_4D_Sbowl_MCtest
  Footprints input   : D:\Kuliah\Q7\Thesis\260413_Gameplan1\4.Web\4.1.CesiumApp\1_RUM\4.1.5.V4_4D_Sbowl_MCtest\_internal\data_pipeline\rum_footprints.json
  Packed input       : D:\Kuliah\Q7\Thesis\260413_Gameplan1\4.Web\4.1.CesiumApp\1_RUM\4.1.5.V4_4D_Sbowl_MCtest\_internal\data_pipeline\packed_series.json
  Height meta input  : D:\Kuliah\Q7\Thesis\260413_Gameplan1\4.Web\4.1.CesiumApp\1_RUM\4.1.5.V4_4D_Sbowl_MCtest\_internal\data_pipeline\tiles\height_meta.json
  Tile index input   : D:\Kuliah\Q7\Thesis\260413_Gameplan1\4.Web\4.1.CesiumApp\1_RUM\4.1.5.V4_4D_Sbowl_MCtest\_internal\data_pipeline\tiles\tile_index.json
  Tileset output     : D:\Kuliah\Q7\Thesis\260413_Gameplan1\4.Web\4.1.CesiumApp\1_RUM\4.1.5.V4_4D_Sbowl_MCtest\_internal\data_pipeline\tiles\tileset.json
  Display datum      : 1000.0 m

========================================================================
  Loading inputs
========================================================================
  [OK]   Loaded 6384 footprints
  [OK]   Loaded 6384 packed row indices
  [OK]   Loaded tile index with 48 tiles

========================================================================
  Building B3DM cap tiles
========================================================================
  [OK]   Built 48 real cap B3DM tiles
  [OK]   Total RUM caps: 6384
  Total vertices       : 25536
  Total triangles      : 12768

========================================================================
  Writing tileset
========================================================================
  [OK]   Wrote real caps tileset: D:\Kuliah\Q7\Thesis\260413_Gameplan1\4.Web\4.1.CesiumApp\1_RUM\4.1.5.V4_4D_Sbowl_MCtest\_internal\data_pipeline\tiles\tileset.json (46.6 KB)

========================================================================
  Summary
========================================================================
  [OK]   Step 11 complete in 1.15 s
  Real cap tiles         : 48
  Real RUM caps          : 6384
  Vertices / triangles   : 25536 / 12768
  Tileset                : D:\Kuliah\Q7\Thesis\260413_Gameplan1\4.Web\4.1.CesiumApp\1_RUM\4.1.5.V4_4D_Sbowl_MCtest\_internal\data_pipeline\tiles\tileset.json

[12] 12_build_blank_caps_b3dm.py — Build blank cap B3DM tiles
----------------------------------------------------------------------------------------------------
Status   : OK
Duration : 0.14s
Command  : C:\Users\DELL\miniconda3\python.exe D:\Kuliah\Q7\Thesis\260413_Gameplan1\4.Web\4.1.CesiumApp\1_RUM\4.1.5.V4_4D_Sbowl_MCtest\_internal\pipeline\12_build_blank_caps_b3dm.py

STDOUT

========================================================================
  Configuration
========================================================================
  Project root       : D:\Kuliah\Q7\Thesis\260413_Gameplan1\4.Web\4.1.CesiumApp\1_RUM\4.1.5.V4_4D_Sbowl_MCtest
  Blank cells input  : D:\Kuliah\Q7\Thesis\260413_Gameplan1\4.Web\4.1.CesiumApp\1_RUM\4.1.5.V4_4D_Sbowl_MCtest\_internal\data_pipeline\blank_cells.json
  Height meta input  : D:\Kuliah\Q7\Thesis\260413_Gameplan1\4.Web\4.1.CesiumApp\1_RUM\4.1.5.V4_4D_Sbowl_MCtest\_internal\data_pipeline\tiles\height_meta.json
  Tile index input   : D:\Kuliah\Q7\Thesis\260413_Gameplan1\4.Web\4.1.CesiumApp\1_RUM\4.1.5.V4_4D_Sbowl_MCtest\_internal\data_pipeline\tiles\tile_index.json
  Tileset output     : D:\Kuliah\Q7\Thesis\260413_Gameplan1\4.Web\4.1.CesiumApp\1_RUM\4.1.5.V4_4D_Sbowl_MCtest\_internal\data_pipeline\tiles_blank\tileset.json
  Display datum      : 1000.0 m

========================================================================
  Loading inputs
========================================================================
  [OK]   Loaded blank-cell product: status=no_blank_cells_detected, features=0
  [OK]   Loaded height meta: texture height=6384

========================================================================
  Writing empty blank tileset
========================================================================
  [OK]   Wrote empty blank caps tileset: D:\Kuliah\Q7\Thesis\260413_Gameplan1\4.Web\4.1.CesiumApp\1_RUM\4.1.5.V4_4D_Sbowl_MCtest\_internal\data_pipeline\tiles_blank\tileset.json (0.8 KB)

========================================================================
  Summary
========================================================================
  [OK]   Step 12 complete in 0.02 s
  Blank count            : 0
  Blank cap tiles         : 0

[13] 13_build_walls_b3dm.py — Build wall B3DM tiles
----------------------------------------------------------------------------------------------------
Status   : OK
Duration : 1.35s
Command  : C:\Users\DELL\miniconda3\python.exe D:\Kuliah\Q7\Thesis\260413_Gameplan1\4.Web\4.1.CesiumApp\1_RUM\4.1.5.V4_4D_Sbowl_MCtest\_internal\pipeline\13_build_walls_b3dm.py

STDOUT

========================================================================
  Configuration
========================================================================
  Project root          : D:\Kuliah\Q7\Thesis\260413_Gameplan1\4.Web\4.1.CesiumApp\1_RUM\4.1.5.V4_4D_Sbowl_MCtest
  Footprints input      : D:\Kuliah\Q7\Thesis\260413_Gameplan1\4.Web\4.1.CesiumApp\1_RUM\4.1.5.V4_4D_Sbowl_MCtest\_internal\data_pipeline\rum_footprints.json
  Blank cells input     : D:\Kuliah\Q7\Thesis\260413_Gameplan1\4.Web\4.1.CesiumApp\1_RUM\4.1.5.V4_4D_Sbowl_MCtest\_internal\data_pipeline\blank_cells.json
  Packed input          : D:\Kuliah\Q7\Thesis\260413_Gameplan1\4.Web\4.1.CesiumApp\1_RUM\4.1.5.V4_4D_Sbowl_MCtest\_internal\data_pipeline\packed_series.json
  Height meta input     : D:\Kuliah\Q7\Thesis\260413_Gameplan1\4.Web\4.1.CesiumApp\1_RUM\4.1.5.V4_4D_Sbowl_MCtest\_internal\data_pipeline\tiles\height_meta.json
  Tile index input      : D:\Kuliah\Q7\Thesis\260413_Gameplan1\4.Web\4.1.CesiumApp\1_RUM\4.1.5.V4_4D_Sbowl_MCtest\_internal\data_pipeline\tiles\tile_index.json
  Real walls tileset    : D:\Kuliah\Q7\Thesis\260413_Gameplan1\4.Web\4.1.CesiumApp\1_RUM\4.1.5.V4_4D_Sbowl_MCtest\_internal\data_pipeline\tiles_walls_real\tileset.json
  Blank walls tileset   : D:\Kuliah\Q7\Thesis\260413_Gameplan1\4.Web\4.1.CesiumApp\1_RUM\4.1.5.V4_4D_Sbowl_MCtest\_internal\data_pipeline\tiles_walls_blank\tileset.json

========================================================================
  Loading inputs
========================================================================
  [OK]   Loaded footprints: 6384 features
  [OK]   Loaded blank cells: 0 features
  [OK]   Loaded packed series and height metadata

========================================================================
  Building real walls
========================================================================
  [OK]   Real wall tiles: 48, cells=6384, walls=12608

========================================================================
  Building blank walls
========================================================================
  [OK]   Blank wall tiles: 0, cells=0, walls=0

========================================================================
  Summary
========================================================================
  [OK]   Step 13 complete in 1.18 s
  Real wall tiles        : 48
  Real wall quads        : 12608
  Blank wall tiles       : 0
  Blank wall quads       : 0
  Real vertices/triangles: 50432 / 25216
  Blank vertices/triangles: 0 / 0

[14] 14_build_horizontal_field.py — Build horizontal velocity field
----------------------------------------------------------------------------------------------------
Status   : OK
Duration : 1.68s
Command  : C:\Users\DELL\miniconda3\python.exe D:\Kuliah\Q7\Thesis\260413_Gameplan1\4.Web\4.1.CesiumApp\1_RUM\4.1.5.V4_4D_Sbowl_MCtest\_internal\pipeline\14_build_horizontal_field.py

STDOUT

========================================================================
  Configuration
========================================================================
  Project root          : D:\Kuliah\Q7\Thesis\260413_Gameplan1\4.Web\4.1.CesiumApp\1_RUM\4.1.5.V4_4D_Sbowl_MCtest
  Footprints input      : D:\Kuliah\Q7\Thesis\260413_Gameplan1\4.Web\4.1.CesiumApp\1_RUM\4.1.5.V4_4D_Sbowl_MCtest\_internal\data_pipeline\rum_footprints.json
  Packed input          : D:\Kuliah\Q7\Thesis\260413_Gameplan1\4.Web\4.1.CesiumApp\1_RUM\4.1.5.V4_4D_Sbowl_MCtest\_internal\data_pipeline\packed_series.json
  Horizontal output     : D:\Kuliah\Q7\Thesis\260413_Gameplan1\4.Web\4.1.CesiumApp\1_RUM\4.1.5.V4_4D_Sbowl_MCtest\_internal\data_pipeline\horizontal_field.json
  Particle output       : D:\Kuliah\Q7\Thesis\260413_Gameplan1\4.Web\4.1.CesiumApp\1_RUM\4.1.5.V4_4D_Sbowl_MCtest\_internal\data_pipeline\horizontal_particle_field.json
  East/North/Up fields  : east, north, up

========================================================================
  Loading inputs
========================================================================
  [OK]   Loaded footprints: 6384 features
  [OK]   Loaded packed row index: 6384 RUMs

========================================================================
  Building horizontal records
========================================================================
  [OK]   All horizontal velocity values available
  [OK]   Covariance available for 6384 / 6384 records

========================================================================
  Writing horizontal field
========================================================================
  [OK]   Wrote horizontal field: D:\Kuliah\Q7\Thesis\260413_Gameplan1\4.Web\4.1.CesiumApp\1_RUM\4.1.5.V4_4D_Sbowl_MCtest\_internal\data_pipeline\horizontal_field.json (2.86 MB)
  [OK]   Wrote particle field: D:\Kuliah\Q7\Thesis\260413_Gameplan1\4.Web\4.1.CesiumApp\1_RUM\4.1.5.V4_4D_Sbowl_MCtest\_internal\data_pipeline\horizontal_particle_field.json (1.21 MB)

========================================================================
  Summary
========================================================================
  [OK]   Step 14 complete in 1.50 s
  Records                : 6384
  East range             : -17.8877 to 17.8877 mm/yr
  North range            : -19.6962 to 17.7265 mm/yr
  Speed range            : 0.0000 to 19.9991 mm/yr
  Speed p50/p98          : 3.0000 / 10.0000 mm/yr
  Covariance availability: 6384 / 6384
  Particle field records : 6384
  Particle/full size     : 0.423x

[15] 15_check_horizontal_field.py — Check horizontal field
----------------------------------------------------------------------------------------------------
Status   : WARN
Duration : 0.31s
Command  : C:\Users\DELL\miniconda3\python.exe D:\Kuliah\Q7\Thesis\260413_Gameplan1\4.Web\4.1.CesiumApp\1_RUM\4.1.5.V4_4D_Sbowl_MCtest\_internal\pipeline\15_check_horizontal_field.py

STDOUT

========================================================================
  Configuration
========================================================================
  Project root          : D:\Kuliah\Q7\Thesis\260413_Gameplan1\4.Web\4.1.CesiumApp\1_RUM\4.1.5.V4_4D_Sbowl_MCtest
  Horizontal input      : D:\Kuliah\Q7\Thesis\260413_Gameplan1\4.Web\4.1.CesiumApp\1_RUM\4.1.5.V4_4D_Sbowl_MCtest\_internal\data_pipeline\horizontal_field.json
  Debug vector output   : D:\Kuliah\Q7\Thesis\260413_Gameplan1\4.Web\4.1.CesiumApp\1_RUM\4.1.5.V4_4D_Sbowl_MCtest\_internal\data_pipeline\horizontal_debug_vectors.geojson

========================================================================
  Loading horizontal field
========================================================================
  [OK]   Loaded horizontal field: 6384 records

========================================================================
  Validating horizontal field
========================================================================
  [WARN] Near-zero horizontal vectors skipped in unit-vector validation: 392 (speed <= 0.05 mm/yr)
  [OK]   row_index values are unique and continuous
  [OK]   Horizontal vector values are finite and internally consistent
  [OK]   Covariance available for 6384 / 6384 records

========================================================================
  Writing debug vectors
========================================================================
  [OK]   Wrote debug vectors: D:\Kuliah\Q7\Thesis\260413_Gameplan1\4.Web\4.1.CesiumApp\1_RUM\4.1.5.V4_4D_Sbowl_MCtest\_internal\data_pipeline\horizontal_debug_vectors.geojson (255.4 KB)
  [OK]   Debug vector count: 772

========================================================================
  Summary
========================================================================
  [OK]   Step 15 complete in 0.19 s
  Records                : 6384
  Speed range            : 0.000000 to 19.999054 mm/yr
  Speed p50/p98          : 3.000000 / 10.000000 mm/yr
  Covariance available   : 6384 / 6384
  Weak direction skipped : 392
  Std east/north p50     : 2.5 / 3.75 mm/yr
  Warnings               : 1

[16] 16_check_horizontal_uncertainty.py — Check horizontal uncertainty
----------------------------------------------------------------------------------------------------
Status   : OK
Duration : 0.73s
Command  : C:\Users\DELL\miniconda3\python.exe D:\Kuliah\Q7\Thesis\260413_Gameplan1\4.Web\4.1.CesiumApp\1_RUM\4.1.5.V4_4D_Sbowl_MCtest\_internal\pipeline\16_check_horizontal_uncertainty.py

STDOUT

========================================================================
  Configuration
========================================================================
  Project root           : D:\Kuliah\Q7\Thesis\260413_Gameplan1\4.Web\4.1.CesiumApp\1_RUM\4.1.5.V4_4D_Sbowl_MCtest
  Horizontal input       : D:\Kuliah\Q7\Thesis\260413_Gameplan1\4.Web\4.1.CesiumApp\1_RUM\4.1.5.V4_4D_Sbowl_MCtest\_internal\data_pipeline\horizontal_field.json
  Uncertainty output     : D:\Kuliah\Q7\Thesis\260413_Gameplan1\4.Web\4.1.CesiumApp\1_RUM\4.1.5.V4_4D_Sbowl_MCtest\_internal\data_pipeline\horizontal_uncertainty_check.json
  Confidence probability : 0.95
  Confidence scale       : 2.44774683
  Unit assumption        : covariance=(mm/yr)^2, axes=mm/yr, no /100 scaling

========================================================================
  Loading horizontal field
========================================================================
  [OK]   Loaded horizontal field: 6384 records

========================================================================
  Analyzing covariance / ellipse parameters
========================================================================
  [OK]   Computed ellipse parameters for 6384 records
  [OK]   Covariance eigenvalue analysis complete

========================================================================
  Writing uncertainty check product
========================================================================
  [OK]   Wrote horizontal uncertainty check: D:\Kuliah\Q7\Thesis\260413_Gameplan1\4.Web\4.1.CesiumApp\1_RUM\4.1.5.V4_4D_Sbowl_MCtest\_internal\data_pipeline\horizontal_uncertainty_check.json (3.68 MB)

========================================================================
  Summary
========================================================================
  [OK]   Step 16 complete in 0.60 s
  Records with covariance: 6384 / 6384
  1σ major p50/p98       : 3.782581 / 7.565161 mm/yr
  95% ellipse major p50  : 9.258800 mm/yr
  Axis ratio p50/p98     : 1.543642 / 1.543738
  Speed/std-major p50    : 1.057479
  Warnings               : 0

[17] 17_build_horizontal_arrow_ellipse_b3dm.py — Build horizontal arrows and confidence ellipses
----------------------------------------------------------------------------------------------------
Status   : OK
Duration : 2.78s
Command  : C:\Users\DELL\miniconda3\python.exe D:\Kuliah\Q7\Thesis\260413_Gameplan1\4.Web\4.1.CesiumApp\1_RUM\4.1.5.V4_4D_Sbowl_MCtest\_internal\pipeline\17_build_horizontal_arrow_ellipse_b3dm.py

STDOUT

========================================================================
  Configuration
========================================================================
  Project root              : D:\Kuliah\Q7\Thesis\260413_Gameplan1\4.Web\4.1.CesiumApp\1_RUM\4.1.5.V4_4D_Sbowl_MCtest
  Horizontal input          : D:\Kuliah\Q7\Thesis\260413_Gameplan1\4.Web\4.1.CesiumApp\1_RUM\4.1.5.V4_4D_Sbowl_MCtest\_internal\data_pipeline\horizontal_field.json
  Uncertainty input         : D:\Kuliah\Q7\Thesis\260413_Gameplan1\4.Web\4.1.CesiumApp\1_RUM\4.1.5.V4_4D_Sbowl_MCtest\_internal\data_pipeline\horizontal_uncertainty_check.json
  Height meta input         : D:\Kuliah\Q7\Thesis\260413_Gameplan1\4.Web\4.1.CesiumApp\1_RUM\4.1.5.V4_4D_Sbowl_MCtest\_internal\data_pipeline\tiles\height_meta.json
  Tile index input          : D:\Kuliah\Q7\Thesis\260413_Gameplan1\4.Web\4.1.CesiumApp\1_RUM\4.1.5.V4_4D_Sbowl_MCtest\_internal\data_pipeline\tiles\tile_index.json
  Arrows tileset output     : D:\Kuliah\Q7\Thesis\260413_Gameplan1\4.Web\4.1.CesiumApp\1_RUM\4.1.5.V4_4D_Sbowl_MCtest\_internal\data_pipeline\horizontal_dev\arrows\tileset.json
  Ellipses tileset output   : D:\Kuliah\Q7\Thesis\260413_Gameplan1\4.Web\4.1.CesiumApp\1_RUM\4.1.5.V4_4D_Sbowl_MCtest\_internal\data_pipeline\horizontal_dev\ellipses\tileset.json
  Ellipse scaling note      : Step16 axes in mm/yr, no hidden /100

========================================================================
  Loading inputs
========================================================================
  [OK]   Loaded horizontal records: 6384
  [OK]   Loaded uncertainty records: 6384
  [OK]   Loaded tile index: 48 tiles

========================================================================
  Deriving horizontal visual scale
========================================================================
  RUM size source            : horizontal_records_inferred
  Scaling mode              : auto_percentile_by_rum_size
  RUM size                  : 438.526 m
  Arrow reference           : P99.5 speed = 15.595815 mm/yr
  Arrow max length          : 350.820 m
  Arrow scale               : 22.494525 m per mm/yr
  Arrow visibility          : speed >= 0.010000 mm/yr
  Ellipse reference         : P99.5 major axis = 18.517599 mm/yr
  Ellipse max diameter      : 328.894 m
  Ellipse clip mode         : none
  Ellipse scale             : 8.880584 m per mm/yr

========================================================================
  Building arrow B3DM tileset
========================================================================
  [OK]   Arrow tiles: 48, arrows=5996

========================================================================
  Building confidence ellipse B3DM tileset
========================================================================
  [OK]   Ellipse tiles: 48, ellipses=5996

========================================================================
  Summary
========================================================================
  [OK]   Step 17 complete in 2.63 s
  Arrow tiles/features      : 48 / 5996
  Ellipse tiles/features    : 48 / 5996
  Arrow vertices/triangles  : 41972 / 17988
  Ellipse vertices/triangles: 767488 / 767488
  Skipped low-speed records : 388
  Skipped insignificant     : 0
  Arrows tileset            : D:\Kuliah\Q7\Thesis\260413_Gameplan1\4.Web\4.1.CesiumApp\1_RUM\4.1.5.V4_4D_Sbowl_MCtest\_internal\data_pipeline\horizontal_dev\arrows\tileset.json
  Ellipses tileset          : D:\Kuliah\Q7\Thesis\260413_Gameplan1\4.Web\4.1.CesiumApp\1_RUM\4.1.5.V4_4D_Sbowl_MCtest\_internal\data_pipeline\horizontal_dev\ellipses\tileset.json

[18] 18_build_viewer_tuning.py — Build data-derived viewer tuning
----------------------------------------------------------------------------------------------------
Status   : OK
Duration : 1.22s
Command  : C:\Users\DELL\miniconda3\python.exe D:\Kuliah\Q7\Thesis\260413_Gameplan1\4.Web\4.1.CesiumApp\1_RUM\4.1.5.V4_4D_Sbowl_MCtest\_internal\pipeline\18_build_viewer_tuning.py

STDOUT

========================================================================
  Configuration
========================================================================
  Project root       : D:\Kuliah\Q7\Thesis\260413_Gameplan1\4.Web\4.1.CesiumApp\1_RUM\4.1.5.V4_4D_Sbowl_MCtest
  Viewer tuning out  : D:\Kuliah\Q7\Thesis\260413_Gameplan1\4.Web\4.1.CesiumApp\1_RUM\4.1.5.V4_4D_Sbowl_MCtest\_internal\data_pipeline\viewer_resources\viewer_tuning.json
  Dataset title      : None
  Project key        : synthbowl1

========================================================================
  Loading final products
========================================================================
  [OK]   All core viewer products exist

========================================================================
  Deriving viewer knobs
========================================================================
  [OK]   Derived camera, epoch, color-scale, vertical-exaggeration, and horizontal glyph defaults
  [OK]   Blank layer default can stay available; source has zero blank cells

========================================================================
  Writing viewer tuning JSON
========================================================================
  [OK]   Wrote viewer tuning: D:\Kuliah\Q7\Thesis\260413_Gameplan1\4.Web\4.1.CesiumApp\1_RUM\4.1.5.V4_4D_Sbowl_MCtest\_internal\data_pipeline\viewer_resources\viewer_tuning.json (23.1 KB)

========================================================================
  Summary
========================================================================
  [OK]   Step 18 complete in 1.02 s
  Camera center          : 107.7396618, -6.00024179
  Camera range           : 122359.188344 m
  Model exaggeration     : 10.0x
  Color scale            : -45.0 to 3.0 mm/yr (center=0.0, tau=0.5)
  Default epoch          : 2018-09-22
  Blank count            : 0
  Warnings               : 0

====================================================================================================
End of log
====================================================================================================
