====================================================================================================
InSAR4D RUM Viewer Pipeline Run
====================================================================================================
Run ID              : 20260524_223257
Status              : FAILED
Started             : 2026-05-24T22:32:57+02:00
Ended               : 2026-05-24T22:32:58+02:00
Duration            : 0.82s

Configuration
----------------------------------------------------------------------------------------------------
Project key         : jakarta
Dataset title       : Jakarta 4D RUM Viewer
Source file         : data/jakarta_enu_estimates.json
Source CRS          : EPSG:23830
RUM size            : 450.0 m
Expected RUM count  : 4779
Epoch model         : linear
Uncertainty quality : low
Epoch start         : 2014-01-01
Epoch end           : 2025-01-01
Epoch interval      : 14 days
Expected epochs     : 288

Step summary
----------------------------------------------------------------------------------------------------
Step   Status   Duration   Script                                     Title
----------------------------------------------------------------------------------------------------
01     FAIL     0.76s      01_convert_source_to_geojson.py            Convert source table to WGS84 GeoJSON
----------------------------------------------------------------------------------------------------

Errors
----------------------------------------------------------------------------------------------------
- [01] Traceback (most recent call last):
- [01] raise ValueError("If using all scalar values, you must pass an index")
- [01] ValueError: If using all scalar values, you must pass an index

Generated output summary
----------------------------------------------------------------------------------------------------
rum_footprints                             exists=no  size=-              path=_internal/data_pipeline/rum_footprints.json
packed_series                              exists=no  size=-              path=_internal/data_pipeline/packed_series.json
blank_cells                                exists=no  size=-              path=_internal/data_pipeline/blank_cells.json
height_texture                             exists=no  size=-              path=_internal/data_pipeline/tiles/height_texture.png
height_meta                                exists=no  size=-              path=_internal/data_pipeline/tiles/height_meta.json
epoch_axis                                 exists=no  size=-              path=_internal/data_pipeline/tiles/epoch_axis.json
horizontal_field                           exists=no  size=-              path=_internal/data_pipeline/horizontal_field.json
horizontal_debug_vectors                   exists=no  size=-              path=_internal/data_pipeline/horizontal_debug_vectors.geojson
horizontal_uncertainty_check               exists=no  size=-              path=_internal/data_pipeline/horizontal_uncertainty_check.json
horizontal_arrows_tileset                  exists=no  size=-              path=_internal/data_pipeline/horizontal_dev/arrows/tileset.json
horizontal_ellipses_tileset                exists=no  size=-              path=_internal/data_pipeline/horizontal_dev/ellipses/tileset.json
horizontal_arrows_wgs84                    exists=no  size=-              path=_internal/data_pipeline/horizontal_dev/horizontal_arrows_wgs84.geojson
horizontal_confidence_ellipses_wgs84       exists=no  size=-              path=_internal/data_pipeline/horizontal_dev/horizontal_confidence_ellipses_wgs84.geojson
viewer_tuning                              exists=no  size=-              path=_internal/data_pipeline/viewer_resources/viewer_tuning.json
real_caps_tileset                          exists=no  size=-              path=_internal/data_pipeline/tiles/tileset.json
blank_caps_tileset                         exists=no  size=-              path=_internal/data_pipeline/tiles_blank/tileset.json
real_walls_tileset                         exists=no  size=-              path=_internal/data_pipeline/tiles_walls_real/tileset.json
blank_walls_tileset                        exists=no  size=-              path=_internal/data_pipeline/tiles_walls_blank/tileset.json

Full step output
====================================================================================================

[01] 01_convert_source_to_geojson.py — Convert source table to WGS84 GeoJSON
----------------------------------------------------------------------------------------------------
Status   : FAIL
Duration : 0.76s
Command  : C:\Users\DELL\miniconda3\python.exe D:\Kuliah\Q7\Thesis\260413_Gameplan1\4.Web\4.1.CesiumApp\1_RUM\4.1.5.V1_4D_TEMPLATE\_internal\pipeline\01_convert_source_to_geojson.py

STDOUT

========================================================================
  Configuration
========================================================================
  Project root       : D:\Kuliah\Q7\Thesis\260413_Gameplan1\4.Web\4.1.CesiumApp\1_RUM\4.1.5.V1_4D_TEMPLATE
  Source file        : data/jakarta_enu_estimates.json
  Source CRS         : EPSG:23830
  X/Y fields         : x_rum, y_rum
  Plain GeoJSON      : D:\Kuliah\Q7\Thesis\260413_Gameplan1\4.Web\4.1.CesiumApp\1_RUM\4.1.5.V1_4D_TEMPLATE\_internal\data_pipeline\points_wgs84.geojson
  RUM ID GeoJSON     : D:\Kuliah\Q7\Thesis\260413_Gameplan1\4.Web\4.1.CesiumApp\1_RUM\4.1.5.V1_4D_TEMPLATE\_internal\data_pipeline\points_wgs84_with_rumid.geojson

========================================================================
  Loading source table
========================================================================

STDERR
Traceback (most recent call last):
  File "D:\Kuliah\Q7\Thesis\260413_Gameplan1\4.Web\4.1.CesiumApp\1_RUM\4.1.5.V1_4D_TEMPLATE\_internal\pipeline\01_convert_source_to_geojson.py", line 477, in <module>
    main()
  File "D:\Kuliah\Q7\Thesis\260413_Gameplan1\4.Web\4.1.CesiumApp\1_RUM\4.1.5.V1_4D_TEMPLATE\_internal\pipeline\01_convert_source_to_geojson.py", line 368, in main
    df = load_source_table(selected_source_file)
         ^^^^^^^^^^^^^^^^^^^^^^^^^^^^^^^^^^^^^^^
  File "D:\Kuliah\Q7\Thesis\260413_Gameplan1\4.Web\4.1.CesiumApp\1_RUM\4.1.5.V1_4D_TEMPLATE\_internal\pipeline\01_convert_source_to_geojson.py", line 218, in load_source_table
    return pd.read_json(path)
           ^^^^^^^^^^^^^^^^^^
  File "C:\Users\DELL\miniconda3\Lib\site-packages\pandas\io\json\_json.py", line 815, in read_json
    return json_reader.read()
           ^^^^^^^^^^^^^^^^^^
  File "C:\Users\DELL\miniconda3\Lib\site-packages\pandas\io\json\_json.py", line 1014, in read
    obj = self._get_object_parser(self.data)
          ^^^^^^^^^^^^^^^^^^^^^^^^^^^^^^^^^^
  File "C:\Users\DELL\miniconda3\Lib\site-packages\pandas\io\json\_json.py", line 1040, in _get_object_parser
    obj = FrameParser(json, **kwargs).parse()
          ^^^^^^^^^^^^^^^^^^^^^^^^^^^^^^^^^^^
  File "C:\Users\DELL\miniconda3\Lib\site-packages\pandas\io\json\_json.py", line 1176, in parse
    self._parse()
  File "C:\Users\DELL\miniconda3\Lib\site-packages\pandas\io\json\_json.py", line 1391, in _parse
    self.obj = DataFrame(
               ^^^^^^^^^^
  File "C:\Users\DELL\miniconda3\Lib\site-packages\pandas\core\frame.py", line 778, in __init__
    mgr = dict_to_mgr(data, index, columns, dtype=dtype, copy=copy, typ=manager)
          ^^^^^^^^^^^^^^^^^^^^^^^^^^^^^^^^^^^^^^^^^^^^^^^^^^^^^^^^^^^^^^^^^^^^^^
  File "C:\Users\DELL\miniconda3\Lib\site-packages\pandas\core\internals\construction.py", line 503, in dict_to_mgr
    return arrays_to_mgr(arrays, columns, index, dtype=dtype, typ=typ, consolidate=copy)
           ^^^^^^^^^^^^^^^^^^^^^^^^^^^^^^^^^^^^^^^^^^^^^^^^^^^^^^^^^^^^^^^^^^^^^^^^^^^^^
  File "C:\Users\DELL\miniconda3\Lib\site-packages\pandas\core\internals\construction.py", line 114, in arrays_to_mgr
    index = _extract_index(arrays)
            ^^^^^^^^^^^^^^^^^^^^^^
  File "C:\Users\DELL\miniconda3\Lib\site-packages\pandas\core\internals\construction.py", line 667, in _extract_index
    raise ValueError("If using all scalar values, you must pass an index")
ValueError: If using all scalar values, you must pass an index

====================================================================================================
End of log
====================================================================================================
